
> ppthub@0.1.0 generate-embeddings /Users/ameureka/Desktop/mksaas-ai-ppt-blog
> tsx scripts/generate-embeddings.ts

[Embeddings] Found 1471 PPTs without embedding
[Embeddings] ✓ ppt_84349a5d_3153: 弥散风...
[Embeddings] ✓ ppt_48315afe_4a27: 励志商务风...
[Embeddings] ✓ ppt_82e3af3b_44c1: 弥散风...
[Embeddings] ✓ ppt_54361ebe_3859: 工作汇报...
[Embeddings] ✓ ppt_8afc53e1_f3b0: 励志商务风...
[Embeddings] ✓ ppt_6c2a34f9_5d4c: 红色英雄故事...
[Embeddings] ✓ ppt_7476c9bb_af57: 红色英雄故事...
[Embeddings] ✓ ppt_926db3a4_a4ea: 暑期夏令营...
[Embeddings] ✓ ppt_cbd15368_abce: 大学开学...
[Embeddings] ✓ ppt_6b1542c7_2a44: 学术汇报...
[Embeddings] ✓ ppt_a700192c_a249: 开学...
[Embeddings] ✓ ppt_254364a4_d899: 工作汇报...
[Embeddings] ✓ ppt_d382b1e4_a3ff: 企业培训...
[Embeddings] ✓ ppt_6e9c386c_d115: 励志商务风...
[Embeddings] ✓ ppt_896a95d9_9384: 商务汇报...
[Embeddings] ✓ ppt_698fed81_9eae: 工作汇报...
[Embeddings] ✓ ppt_2bffcedf_6259: 红色英雄故事...
[Embeddings] ✓ ppt_079e14cc_d468: 工作汇报...
[Embeddings] ✓ ppt_3326c56e_0857: 岗位竞聘...
[Embeddings] ✓ ppt_05b1756a_916b: 简约商务...
[Embeddings] ✓ ppt_f32d11d7_3cfe: 弥散风...
[Embeddings] ✓ ppt_2a8f5eff_8e20: 年终总结...
[Embeddings] ✓ ppt_e98f3887_3f1b: 消防安全...
[Embeddings] ✓ ppt_aa887299_d582: 冬季安全...
[Embeddings] ✓ ppt_b1a954a6_482a: 企业培训...
[Embeddings] ✓ ppt_fffa6250_5a8a: 红色英雄故事...
[Embeddings] ✓ ppt_1b0dfea5_b39f: 开学...
[Embeddings] ✓ ppt_6911ec34_0268: 红色主题...
[Embeddings] ✓ ppt_962f6209_cf40: 年终总结...
[Embeddings] ✓ ppt_61c36758_d344: PowerPoint 演示文稿...
[Embeddings] ✓ ppt_c4a96c80_ce85: 简约工作...
[Embeddings] ✓ ppt_3eada502_83e0: 艺术感...
[Embeddings] ✓ ppt_4266bafd_6fb9: 励志商务风...
[Embeddings] ✓ ppt_2b3b6c34_d1c2: 工作汇报...
[Embeddings] ✓ ppt_851445e6_2119: 读书分享...
[Embeddings] ✓ ppt_eba74754_2156: 励志商务风...
[Embeddings] ✓ ppt_9638248c_510d: 学术汇报...
[Embeddings] ✓ ppt_084576ba_8127: 年终复盘总结...
[Embeddings] ✓ ppt_0bf9e8a5_9cff: 电商季度总结...
[Embeddings] ✓ ppt_2c796810_3eac: 开学典礼...
[Embeddings] ✓ ppt_4f56fef4_f668: 校园活动...
[Embeddings] ✓ ppt_d7aef3a6_3b51: 商务汇报...
[Embeddings] ✓ ppt_948950e7_9a65: 开学主题...
[Embeddings] ✓ ppt_0771c004_84ba: 红色英雄故事...
[Embeddings] ✓ ppt_8637a4e2_0454: 电商数据分析...
[Embeddings] ✓ ppt_5c12f535_4771: 企业介绍...
[Embeddings] ✓ ppt_82538979_0343: 年终总结...
[Embeddings] ✓ ppt_053e0c51_2f92: 企业介绍...
[Embeddings] ✓ ppt_d20da2ee_3d90: 商务汇报...
[Embeddings] ✓ ppt_8de4c107_62ed: 开学...
[Embeddings] ✓ ppt_672b622f_438e: 卡通可爱...
[Embeddings] ✓ ppt_6c509d70_e876: 转正述职...
[Embeddings] ✓ ppt_75329636_5d44: 商务汇报...
[Embeddings] ✓ ppt_931896cb_3210: 中国风...
[Embeddings] ✓ ppt_52027348_8222: 202X年全国质量月...
[Embeddings] ✓ ppt_b684f49f_3c87: 英语开学...
[Embeddings] ✓ ppt_0979950a_bdcb: 中国风...
[Embeddings] ✓ ppt_403fee2e_dab0: 商务汇报...
[Embeddings] ✓ ppt_d423dd64_accb: 卡通可爱...
[Embeddings] ✓ ppt_4cf20ae8_7572: 企业培训...
[Embeddings] ✓ ppt_01390636_ce67: 开学季...
[Embeddings] ✓ ppt_9ca3b289_fbb0: 情绪管理...
[Embeddings] ✓ ppt_c1cd6042_e483: 个人述职报告...
[Embeddings] ✓ ppt_3d48600d_6851: 开学主题...
[Embeddings] ✓ ppt_2fdfd374_5aea: 樱花季节...
[Embeddings] ✓ ppt_514eaf35_4225: 年终总结...
[Embeddings] ✓ ppt_40f9718b_6bf4: 少先队竞选...
[Embeddings] ✓ ppt_cf68806d_a31f: 蓝色商务...
[Embeddings] ✓ ppt_7b487192_d75b: 商务汇报...
[Embeddings] ✓ ppt_b647b5bd_2e9e: 转正述职...
[Embeddings] ✓ ppt_dbd30a7c_cee3: 商务汇报...
[Embeddings] ✓ ppt_c97757af_9403: 智慧养老...
[Embeddings] ✓ ppt_529c745e_d279: 年终总结...
[Embeddings] ✓ ppt_2ddaf663_3ed7: 蓝色商务...
[Embeddings] ✓ ppt_4e7094f9_c2fb: 商务汇报...
[Embeddings] ✓ ppt_7d9af28c_6fa9: 学术答辩...
[Embeddings] ✓ ppt_681074fa_567e: 老师介绍...
[Embeddings] ✓ ppt_0650c102_6237: 校园活动...
[Embeddings] ✓ ppt_57defb72_efc4: 年终总结...
[Embeddings] ✓ ppt_c8b63d33_3f69: 励志商务风...
[Embeddings] ✓ ppt_cff36dce_883e: 蓝色商务...
[Embeddings] ✓ ppt_0ada5a8e_7286: 商务汇报...
[Embeddings] ✓ ppt_1a06a4e0_e0b4: 幼儿教育...
[Embeddings] ✓ ppt_d57c0d7e_e33c: 老师介绍...
[Embeddings] ✓ ppt_8352b31c_4ebd: 学术答辩...
[Embeddings] ✓ ppt_7bff5088_f887: 商务汇报...
[Embeddings] ✓ ppt_2e0edc32_4b0a: 年终总结...
[Embeddings] ✓ ppt_fd4e791f_fb7b: 新学期...
[Embeddings] ✓ ppt_b27bbe8d_35fb: 学术答辩...
[Embeddings] ✓ ppt_e8a053c9_1d0a: 蓝色商务...
[Embeddings] ✓ ppt_32b2993d_288f: 年终总结...
[Embeddings] ✓ ppt_9da11d8b_f625: 红色英雄故事...
[Embeddings] ✓ ppt_c98872e6_53ae: 校园活动...
[Embeddings] ✓ ppt_29f48007_cc97: PowerPoint 演示文稿...
[Embeddings] ✓ ppt_64420e79_3947: 商务汇报...
[Embeddings] ✓ ppt_cec527be_0b68: 励志商务风...
[Embeddings] ✓ ppt_0f9bc65e_1ee0: 古韵古风笔墨纸砚背景的道德讲堂PPT模板...
[Embeddings] ✓ ppt_eac59a47_78d6: 年终总结...
[Embeddings] ✓ ppt_389d88d7_d919: 商务汇报...
[Embeddings] ✓ ppt_6bde81ee_d5fd: 工作汇报总结...
[Embeddings] ✓ ppt_deb32c88_9a13: 蓝色商务...
[Embeddings] ✓ ppt_c4c9ef42_0e75: 蓝色商务...
[Embeddings] ✓ ppt_8f4e7111_ee7e: 年终总结...
[Embeddings] ✓ ppt_350eddc1_8614: 励志商务风...
[Embeddings] ✓ ppt_1f8c2f12_aade: 年终总结...
[Embeddings] ✓ ppt_a3824f57_a8c7: 新学期...
[Embeddings] ✓ ppt_48ecfc01_50d5: 蓝色商务...
[Embeddings] ✓ ppt_1f60b19f_ae49: 开学典礼...
[Embeddings] ✓ ppt_1023d113_46b2: 电商数据分析...
[Embeddings] ✓ ppt_bfbd743b_7795: 卡通可爱...
[Embeddings] ✓ ppt_1399607b_d8aa: 多元创意...
[Embeddings] ✓ ppt_94169391_20b3: 年终总结...
[Embeddings] ✓ ppt_16f6ab46_4bba: 空白演示...
[Embeddings] ✓ ppt_10c82dbf_7d01: 老师介绍...
[Embeddings] ✓ ppt_e583c3be_b1a8: 年终总结...
[Embeddings] ✓ ppt_4a814f66_631a: 年终总结...
[Embeddings] ✓ ppt_2605a18a_5123: 开学主题...
[Embeddings] ✓ ppt_faf6d504_57bb: 绿色清新竹子背景的“江南醉”中国风通用PPT模板...
[Embeddings] ✓ ppt_deaf7682_0a7f: 年终总结...
[Embeddings] ✓ ppt_68c224f9_34d3: 蓝色商务...
[Embeddings] ✓ ppt_15634ec4_5f9f: 三好学生竞选...
[Embeddings] ✓ ppt_838bd1ea_0148: 年终总结...
[Embeddings] ✓ ppt_d161e05e_06b0: 商务汇报...
[Embeddings] ✓ ppt_76441d04_7ff1: 商务汇报...
[Embeddings] ✓ ppt_c63dc8b1_fd93: 年终总结...
[Embeddings] ✓ ppt_10f520da_c9bd: 年终总结...
[Embeddings] ✓ ppt_73cbc168_b548: 蓝色商务...
[Embeddings] ✓ ppt_12c433eb_3886: 蓝色高大写字楼背景的“越群山见苍穹”年中工作总结PPT模板...
[Embeddings] ✓ ppt_506a6159_d504: 学术答辩...
[Embeddings] ✓ ppt_1d69d475_2512: 蓝色商务...
[Embeddings] ✓ ppt_40237aa3_d1b2: 中国古风...
[Embeddings] ✓ ppt_7a204424_c5b5: 年终总结...
[Embeddings] ✓ ppt_eb8bee85_b384: 个人简历...
[Embeddings] ✓ ppt_ddabf5f3_5aac: 蓝色商务...
[Embeddings] ✓ ppt_e8e05071_e78f: 部门年终总结...
[Embeddings] ✓ ppt_b785636c_5afa: 商务汇报...
[Embeddings] ✓ ppt_f97ca154_6d3e: 三好学生竞选...
[Embeddings] ✓ ppt_3a22a1de_84ec: 年终总结...
[Embeddings] ✓ ppt_442d684b_219b: 商务汇报...
[Embeddings] ✓ ppt_deb399d0_d748: 年终总结...
[Embeddings] ✓ ppt_64448322_be8e: 年终总结...
[Embeddings] ✓ ppt_c03f62b6_aef4: 校园活动...
[Embeddings] ✓ ppt_bcc40eed_1838: 蓝色商务...
[Embeddings] ✓ ppt_49eacfd1_9444: 空白演示...
[Embeddings] ✓ ppt_b77aa425_d3a1: 年终总结...
[Embeddings] ✓ ppt_46729dc2_f58d: 新学期...
[Embeddings] ✓ ppt_19a18972_5d51: 工作汇报...
[Embeddings] ✓ ppt_92e36ac0_08ab: 蓝色商务...
[Embeddings] ✓ ppt_5ffa18c2_c1b3: 智慧养老...
[Embeddings] ✓ ppt_4c82d29c_51dd: 智慧养老...
[Embeddings] ✓ ppt_6ee0f2b0_cf6a: 中国古风...
[Embeddings] ✓ ppt_ead8c0f3_0b6d: 年终总结...
[Embeddings] ✓ ppt_c21218ef_412e: 蓝色商务...
[Embeddings] ✓ ppt_477145ec_0142: 新学期...
[Embeddings] ✓ ppt_8e7a815a_ba81: 九一八事变...
[Embeddings] ✓ ppt_ccf1c042_ec91: 商务汇报...
[Embeddings] ✓ ppt_a87b4fc8_2b36: 幼儿园讲故事...
[Embeddings] ✓ ppt_1afbfbaf_4566: 励志商务风...
[Embeddings] ✓ ppt_52fe2403_7395: 卡通可爱...
[Embeddings] ✓ ppt_acaedc43_adbc: 年终总结...
[Embeddings] ✓ ppt_996d6fbf_83a1: 小学毕业...
[Embeddings] ✓ ppt_8ba89ff0_0c01: 学术汇报...
[Embeddings] ✓ ppt_b541c549_dbc6: PowerPoint 演示文稿...
[Embeddings] ✓ ppt_05c77caf_170d: 开学季...
[Embeddings] ✓ ppt_9e3cdcc3_9a69: 人事述职报告...
[Embeddings] ✓ ppt_18d27f5e_c445: 弥散风...
[Embeddings] ✓ ppt_99a448a8_a7ff: 开学典礼...
[Embedding] API error: 403
[Embeddings] ✗ ppt_dd9d4ae7_4635: 企业介绍...
[Embedding] API error: 403
[Embeddings] ✗ ppt_2ca5d44a_a1b5: 学术汇报...
[Embedding] API error: 403
[Embeddings] ✗ ppt_5630c177_a5f2: 年终总结...
[Embedding] API error: 403
[Embeddings] ✗ ppt_6bab9da5_9357: 商务汇报...
[Embedding] API error: 403
[Embeddings] ✗ ppt_4a0b79c3_f3ac: 励志商务风...
[Embedding] API error: 403
[Embeddings] ✗ ppt_ee9b6bbc_dd23: 工作总结...
[Embedding] API error: 403
[Embeddings] ✗ ppt_ef9bfde4_de4f: 商务汇报...
[Embedding] API error: 403
[Embeddings] ✗ ppt_3e904272_23d7: 活动数据分析...
[Embedding] API error: 403
[Embeddings] ✗ ppt_59808717_da1c: 小学毕业...
[Embedding] API error: 403
[Embeddings] ✗ ppt_06204277_30c0: 企业介绍...
[Embedding] API error: 403
[Embeddings] ✗ ppt_db4de599_7b63: 中国风...
[Embedding] API error: 403
[Embeddings] ✗ ppt_f6bcdd05_1f2c: 九一八事变...
[Embedding] API error: 403
[Embeddings] ✗ ppt_37278a27_2105: 商务汇报...
[Embedding] API error: 403
[Embeddings] ✗ ppt_63766576_bf16: 企业介绍...
[Embedding] API error: 403
[Embeddings] ✗ ppt_02d197a5_6032: 弥散风...
[Embedding] API error: 403
[Embeddings] ✗ ppt_517d2092_8cad: PowerPoint 演示文稿...
[Embedding] API error: 403
[Embeddings] ✗ ppt_d707d41f_5591: 樱花季节...
[Embedding] API error: 403
[Embeddings] ✗ ppt_fd5993ad_e4d9: 励志商务风...
[Embedding] API error: 403
[Embeddings] ✗ ppt_4327f04c_d673: 开学...
[Embedding] API error: 403
[Embeddings] ✗ ppt_3b9fbd12_4c95: 开学典礼...
[Embedding] API error: 403
[Embeddings] ✗ ppt_4ee7537c_3851: 商务汇报...
[Embedding] API error: 403
[Embeddings] ✗ ppt_098ed681_9c95: 校园活动...
[Embedding] API error: 403
[Embeddings] ✗ ppt_2cf3bdc8_4f48: 转正述职...
[Embedding] API error: 403
[Embeddings] ✗ ppt_af4ac722_38b7: 情绪管理...
[Embedding] API error: 403
[Embeddings] ✗ ppt_2c02f482_cb1a: 商务汇报...
[Embedding] API error: 403
[Embeddings] ✗ ppt_e345883e_ba73: 九一八事变...
[Embedding] API error: 403
[Embeddings] ✗ ppt_2c7061ec_bcf6: 商务汇报...
[Embedding] API error: 403
[Embeddings] ✗ ppt_d5859cad_c065: 孟菲斯...
[Embedding] API error: 403
[Embeddings] ✗ ppt_d1e6c0f1_96aa: 商务汇报...
[Embedding] API error: 403
[Embeddings] ✗ ppt_81e3e2b1_682c: 新学期...
[Embedding] API error: 403
[Embeddings] ✗ ppt_69b5e8e3_c552: 新生军训...
[Embedding] API error: 403
[Embeddings] ✗ ppt_6a92380d_9779: 年终总结...
[Embedding] API error: 403
[Embeddings] ✗ ppt_2d2252d5_8fa8: 小学毕业...
[Embedding] API error: 403
[Embeddings] ✗ ppt_8656d585_19b8: 年终复盘总结...
[Embedding] API error: 403
[Embeddings] ✗ ppt_a3efb539_23cb: 开学典礼...
[Embedding] API error: 403
[Embeddings] ✗ ppt_6b0cdd03_46dc: 商务汇报...
[Embedding] API error: 403
[Embeddings] ✗ ppt_72ebb0d8_f4a6: 多元创意...
[Embedding] API error: 403
[Embeddings] ✗ ppt_c0b81537_122c: 开学...
[Embedding] API error: 403
[Embeddings] ✗ ppt_789a384a_7ce4: 学术汇报...
[Embedding] API error: 403
[Embeddings] ✗ ppt_5a195074_ee85: 智慧养老...
[Embedding] API error: 403
[Embeddings] ✗ ppt_9acbbec0_a55e: 中国古风...
[Embedding] API error: 403
[Embeddings] ✗ ppt_596c92b7_90d7: 蓝色商务...
[Embedding] API error: 403
[Embeddings] ✗ ppt_0f3f827e_5369: 年终总结...
[Embedding] API error: 403
[Embeddings] ✗ ppt_7b611c28_88fc: 蓝色商务...
[Embedding] API error: 403
[Embeddings] ✗ ppt_3c931c80_35e2: 蓝色商务...
[Embedding] API error: 403
[Embeddings] ✗ ppt_a23b3780_6b06: 年终总结...
[Embedding] API error: 403
[Embeddings] ✗ ppt_d5d911fd_4a8f: 年终总结...
[Embedding] API error: 403
[Embeddings] ✗ ppt_410fda76_9b77: 商务汇报...
[Embedding] API error: 403
[Embeddings] ✗ ppt_0313d2ba_8af2: 校园活动...
[Embedding] API error: 403
[Embeddings] ✗ ppt_2284e3a6_b648: 新学期...
[Embedding] API error: 403
[Embeddings] ✗ ppt_a56de5ef_f672: 年终总结...
[Embedding] API error: 403
[Embeddings] ✗ ppt_1455604a_07b2: 学术答辩...
[Embedding] API error: 403
[Embeddings] ✗ ppt_e2f48f9a_bd84: 蓝色简约曲线背景的商务工作总结PPT模板...
[Embedding] API error: 403
[Embeddings] ✗ ppt_541a3141_f354: 蓝色商务...
[Embedding] API error: 403
[Embeddings] ✗ ppt_6c609c26_c2e1: 蓝色商务...
[Embedding] API error: 403
[Embeddings] ✗ ppt_c034332b_64ac: 商务汇报...
[Embedding] API error: 403
[Embeddings] ✗ ppt_7c6fbeb1_efec: 褐色书籍枫叶背景的“读万卷书行万里路”读书分享好书推荐PPT...
[Embedding] API error: 403
[Embeddings] ✗ ppt_28f8a49e_36d9: 蓝色商务...
[Embedding] API error: 403
[Embeddings] ✗ ppt_86bd1dc0_400b: 三好学生竞选...
[Embedding] API error: 403
[Embeddings] ✗ ppt_d59e6126_b2c3: 年终总结...
[Embedding] API error: 403
[Embeddings] ✗ ppt_2665543f_ec3a: 褐色时尚女性背景的欧美风商务汇报PPT模板...
[Embeddings] ✓ ppt_1ee6d7f9_7eb8: 年终总结...
[Embeddings] ✓ ppt_f2cc0d05_7f1e: 中国古风...
[Embeddings] ✓ ppt_ed76d329_68d8: 蓝色商务...
[Embeddings] ✓ ppt_476a9da4_f170: 开学主题...
[Embeddings] ✓ ppt_71945379_0079: 年终总结...
[Embeddings] ✓ ppt_175bb189_a732: 年终总结...
[Embeddings] ✓ ppt_4f32114d_8bc5: 商务汇报...
[Embeddings] ✓ ppt_42e3a8b2_0327: 三好学生竞选...
[Embeddings] ✓ ppt_1dc4e874_eb2a: 商务汇报...
[Embeddings] ✓ ppt_a0276633_b625: 商务汇报...
[Embeddings] ✓ ppt_f50bd4c3_65d2: 新生军训...
[Embeddings] ✓ ppt_bcc39184_bdfd: 小学毕业...
[Embeddings] ✓ ppt_68d5c511_f8af: 年终总结...
[Embeddings] ✓ ppt_8f6b18e8_5e93: 商务汇报...
[Embeddings] ✓ ppt_80498280_c141: 情绪管理...
[Embeddings] ✓ ppt_99b6fb58_19e3: 转正述职...
[Embeddings] ✓ ppt_7182a945_a601: 招商计划书...
[Embeddings] ✓ ppt_6a2be8f6_dcb7: 商务汇报...
[Embeddings] ✓ ppt_90f9047e_6d59: 九一八事变...
[Embeddings] ✓ ppt_a9079aff_d339: 学术汇报...
[Embeddings] ✓ ppt_f87aeec7_a5dd: 开学典礼...
[Embeddings] ✓ ppt_5115482b_d3d0: 活动数据分析复盘...
[Embeddings] ✓ ppt_a625d374_d0fc: 开学...
[Embeddings] ✓ ppt_dab2d239_ea5a: 多元创意...
[Embeddings] ✓ ppt_61cf84e2_0d61: 商务汇报...
[Embeddings] ✓ ppt_800f3376_7d5f: 弥散风...
[Embeddings] ✓ ppt_1bb1d3b7_9367: 九一八事变...
[Embeddings] ✓ ppt_0c82b12e_8af6: 幼儿园讲故事...
[Embeddings] ✓ ppt_2f47a88f_9c2a: 情绪管理...
[Embeddings] ✓ ppt_34c9dd06_d98a: 企业介绍...
[Embeddings] ✓ ppt_eedcfed4_5e69: 商务汇报...
[Embeddings] ✓ ppt_288e86fc_20cb: 新生军训...
[Embeddings] ✓ ppt_9fc21004_e5a5: 年终总结...
[Embeddings] ✓ ppt_37c62f8b_5e12: 新学期...
[Embeddings] ✓ ppt_b86affc9_4529: 弥散风...
[Embeddings] ✓ ppt_82520e01_97a0: 高山鹅卵石背景的欧美风时尚画册PPT模板...
[Embeddings] ✓ ppt_91d17df3_d7c7: 开学...
[Embeddings] ✓ ppt_d69d58b0_5cf5: 励志商务风...
[Embeddings] ✓ ppt_682dae8d_bdd2: 商务汇报...
[Embeddings] ✓ ppt_07fb3764_5a05: 开学典礼...
[Embeddings] ✓ ppt_35de6ebf_e428: 励志商务风...
[Embeddings] ✓ ppt_4bb87c44_698b: 九一八事变...
[Embeddings] ✓ ppt_7ac8c75e_5fab: 季度总结...
[Embeddings] ✓ ppt_75e2e644_36f1: 商务汇报...
[Embeddings] ✓ ppt_84e16bf1_20d9: 学术汇报...
[Embeddings] ✓ ppt_e16ebfd1_6165: 年终总结...
[Embeddings] ✓ ppt_28ed87c3_d851: 企业文化培训...
[Embeddings] ✓ ppt_ad223892_d997: 开学典礼...
[Embeddings] ✓ ppt_9fe66e21_aecd: 蓝棕配色城市建筑背景的公司介绍宣传PPT模板下载...
[Embeddings] ✓ ppt_0d727423_3615: 商务汇报...
[Embeddings] ✓ ppt_7bde381e_b8e1: 企业介绍...
[Embeddings] ✓ ppt_0e876ae2_1617: 小学毕业...
[Embeddings] ✓ ppt_09d8e451_0253: 小学毕业...
[Embeddings] ✓ ppt_b5f14663_1a49: 年终总结...
[Embeddings] ✓ ppt_82749f7b_8fe2: PowerPoint 演示文稿...
[Embeddings] ✓ ppt_1565932d_838d: 学术汇报...
[Embeddings] ✓ ppt_481f9322_3366: 商务汇报...
[Embeddings] ✓ ppt_558cc22d_ad9b: 卡通可爱...
[Embeddings] ✓ ppt_5917e56b_4bf3: 励志商务风...
[Embeddings] ✓ ppt_49dc3c4d_ded4: 企业介绍...
[Embeddings] ✓ ppt_74d4ba66_1cf9: 工作汇报...
[Embeddings] ✓ ppt_938f6d69_2605: 开学主题...
[Embeddings] ✓ ppt_69928095_867a: 弥散风...
[Embeddings] ✓ ppt_9975e70b_a7aa: 开学典礼...
[Embeddings] ✓ ppt_584d5ce8_e231: 财务述职报告...
[Embeddings] ✓ ppt_a2dceeed_863f: 艺术感...
[Embeddings] ✓ ppt_4cbf174c_b786: 简约商务...
[Embeddings] ✓ ppt_77c870b0_89fe: 开学主题...
[Embeddings] ✓ ppt_07f8cd22_9526: 开学主题...
[Embeddings] ✓ ppt_055adb00_0fa3: 企业年度总结...
[Embeddings] ✓ ppt_baf27061_cfac: 蓝色鲸鱼背景的插画风“梦幻之旅”通用PPT模板...
[Embeddings] ✓ ppt_b4986b2d_50d4: 年终工作总结...
[Embeddings] ✓ ppt_86aea524_468d: 开学主题...
[Embeddings] ✓ ppt_6c05f27c_1f7b: 简约商务...
[Embeddings] ✓ ppt_c572c2b5_5547: 蓝色高大写字楼背景的“砥砺前行共赢未来”个人工作总结述职报告...
[Embeddings] ✓ ppt_27aaad57_3a08: 智慧养老...
[Embeddings] ✓ ppt_2af862d8_5d5a: 励志商务风...
[Embeddings] ✓ ppt_c84e053d_fa96: 企业宣传...
[Embeddings] ✓ ppt_dd509dff_e759: 岗位竞聘...
[Embeddings] ✓ ppt_37d37d4f_f637: 蓝色商务...
[Embeddings] ✓ ppt_a3c1e398_532a: 简约商务...
[Embeddings] ✓ ppt_6f30e562_710b: 商务汇报...
[Embeddings] ✓ ppt_81ad4048_168f: 个人简历...
[Embeddings] ✓ ppt_fd51eaa7_74ba: 商业计划书...
[Embeddings] ✓ ppt_a6df9bc5_40d2: 空白演示...
[Embeddings] ✓ ppt_c762b8d5_4f83: 励志商务风...
[Embeddings] ✓ ppt_c939bd55_dce8: 校园活动...
[Embeddings] ✓ ppt_588bed06_b8a5: 幼儿教育...
[Embeddings] ✓ ppt_1604f398_915e: 商务汇报...
[Embeddings] ✓ ppt_a2dd07e1_35e7: 商务汇报...
[Embeddings] ✓ ppt_03eff3f8_2cd1: 工作总结计划...
[Embeddings] ✓ ppt_03dac879_f5f2: 开学...
[Embeddings] ✓ ppt_4ba92d7e_16ad: 岗位竞聘...
[Embeddings] ✓ ppt_7b270cc4_346f: 商务汇报...
[Embeddings] ✓ ppt_33e01122_8aa5: 自我介绍...
[Embeddings] ✓ ppt_f82aa976_1802: 岗位竞聘...
[Embeddings] ✓ ppt_570df831_a2a2: 欧美高端...
[Embeddings] ✓ ppt_f820160e_b9bb: 蓝色人物剪影背景的“跨越极限成就不凡”商务办公系列PPT模板...
[Embeddings] ✓ ppt_bcf43afb_310b: 红色主题...
[Embeddings] ✓ ppt_5ddd87c2_74c0: 年终总结...
[Embedding] API error: 403
[Embeddings] ✗ ppt_91f057ee_ca77: 欧美高端...
[Embedding] API error: 403
[Embeddings] ✗ ppt_3ca5a48d_077c: 九一八事变...
[Embedding] API error: 403
[Embeddings] ✗ ppt_696bb516_30d7: 开学...
[Embedding] API error: 403
[Embeddings] ✗ ppt_0114e643_07d6: 企业培训...
[Embedding] API error: 403
[Embeddings] ✗ ppt_2575441b_c3ba: 简约工作总结...
[Embedding] API error: 403
[Embeddings] ✗ ppt_550e5783_ca9a: 简约风商务工作汇报...
[Embedding] API error: 403
[Embeddings] ✗ ppt_d4109da4_cfb0: 旅行画册...
[Embedding] API error: 403
[Embeddings] ✗ ppt_5369fac2_95df: 冬季安全...
[Embedding] API error: 403
[Embeddings] ✗ ppt_01771dd7_3aa5: 财务述职报告...
[Embedding] API error: 403
[Embeddings] ✗ ppt_10fd6778_5d1b: 年终总结...
[Embedding] API error: 403
[Embeddings] ✗ ppt_954e83ff_834f: 红色主题...
[Embedding] API error: 403
[Embeddings] ✗ ppt_9d08adff_8efe: 商务汇报...
[Embedding] API error: 403
[Embeddings] ✗ ppt_9cb6ca71_cc17: 九一八事变...
[Embedding] API error: 403
[Embeddings] ✗ ppt_64d0be53_5c7e: 自我介绍...
[Embedding] API error: 403
[Embeddings] ✗ ppt_a885c36b_d6a6: 岗位竞聘...
[Embedding] API error: 403
[Embeddings] ✗ ppt_1a965e36_aea8: 企业培训...
[Embedding] API error: 403
[Embeddings] ✗ ppt_816813af_a7da: 商务汇报...
[Embedding] API error: 403
[Embeddings] ✗ ppt_9258303d_0de6: 红色英雄故事...
[Embedding] API error: 403
[Embeddings] ✗ ppt_5bdf813d_083a: 蓝色古典花纹古建筑背景的“文化中国”中国风通用PPT模板...
[Embedding] API error: 403
[Embeddings] ✗ ppt_6d8789f5_ed51: 开学...
[Embedding] API error: 403
[Embeddings] ✗ ppt_efaca2d4_ab9a: 九一八事变...
[Embedding] API error: 403
[Embeddings] ✗ ppt_647022ee_99b5: 欧美高端...
[Embedding] API error: 403
[Embeddings] ✗ ppt_ef5b9592_6fc4: 商务汇报...
[Embedding] API error: 403
[Embeddings] ✗ ppt_3ddb47c6_9271: 岗位竞聘...
[Embedding] API error: 403
[Embeddings] ✗ ppt_e426979f_d5d2: 老师介绍...
[Embedding] API error: 403
[Embeddings] ✗ ppt_ea4c1df3_a1e5: 工作汇报...
[Embedding] API error: 403
[Embeddings] ✗ ppt_59e8e93f_7c53: 员工述职报告...
[Embedding] API error: 403
[Embeddings] ✗ ppt_591e7fb6_8ddd: 商务汇报...
[Embedding] API error: 403
[Embeddings] ✗ ppt_55bab8bf_9a76: 自我介绍...
[Embedding] API error: 403
[Embeddings] ✗ ppt_6e81a7ae_0cbc: 作品集...
[Embedding] API error: 403
[Embeddings] ✗ ppt_f9c36830_91fe: 互联网产品介绍...
[Embedding] API error: 403
[Embeddings] ✗ ppt_7c4a8f59_a619: PowerPoint 演示文稿...
[Embedding] API error: 403
[Embeddings] ✗ ppt_81639905_0575: 开学...
[Embedding] API error: 403
[Embeddings] ✗ ppt_b7e447cc_0c82: 九一八事变...
[Embedding] API error: 403
[Embeddings] ✗ ppt_5807f3c4_06f7: 企业培训...
[Embedding] API error: 403
[Embeddings] ✗ ppt_23348e29_ed41: 商务汇报...
[Embedding] API error: 403
[Embeddings] ✗ ppt_60263220_c69a: 自我介绍...
[Embedding] API error: 403
[Embeddings] ✗ ppt_05e0140c_ee3f: 商务汇报...
[Embedding] API error: 403
[Embeddings] ✗ ppt_e724f039_9033: 红色英雄故事...
[Embedding] API error: 403
[Embeddings] ✗ ppt_88060380_9ec6: 时尚模特摄影背景的欧美风时尚画册PPT模板...
[Embedding] API error: 403
[Embeddings] ✗ ppt_400b0b5d_65ad: 月度工作总结...
[Embedding] API error: 403
[Embeddings] ✗ ppt_9b0d50e1_0c2e: 读书分享...
[Embedding] API error: 403
[Embeddings] ✗ ppt_31cb8b63_20d4: 老师介绍...
[Embedding] API error: 403
[Embeddings] ✗ ppt_5b8f5a7b_f2d2: 企业培训...
[Embedding] API error: 403
[Embeddings] ✗ ppt_7ddcdf02_54a1: 大学开学...
[Embedding] API error: 403
[Embeddings] ✗ ppt_946b3ca1_a9a6: 励志商务风...
[Embedding] API error: 403
[Embeddings] ✗ ppt_86693b9b_b5e7: 商务汇报...
[Embedding] API error: 403
[Embeddings] ✗ ppt_5c36f16a_e81e: 九一八事变...
[Embedding] API error: 403
[Embeddings] ✗ ppt_0a335b39_a0cf: 蓝色商务...
[Embedding] API error: 403
[Embeddings] ✗ ppt_80a75410_02c2: 红色主题...
[Embedding] API error: 403
[Embeddings] ✗ ppt_2cfb2d9d_fe1c: 冬季安全...
[Embedding] Request failed: TypeError: fetch failed
    at node:internal/deps/undici/undici:13502:13
    at async generateEmbedding (/Users/ameureka/Desktop/mksaas-ai-ppt-blog/src/lib/embedding.ts:40:22)
    at async main (/Users/ameureka/Desktop/mksaas-ai-ppt-blog/scripts/generate-embeddings.ts:31:23) {
  [cause]: Error: read ECONNRESET
      at TLSWrap.onStreamRead (node:internal/stream_base_commons:216:20) {
    errno: -54,
    code: 'ECONNRESET',
    syscall: 'read'
  }
}
[Embeddings] ✗ ppt_785a547f_a406: 幼儿教育...
[Embedding] API error: 403
[Embeddings] ✗ ppt_93edb8a8_b63e: 励志商务风...
[Embedding] API error: 403
[Embeddings] ✗ ppt_87d80304_3fed: 年终工作总结...
[Embedding] API error: 403
[Embeddings] ✗ ppt_7e01a5a4_7e5a: 暑期夏令营...
[Embedding] API error: 403
[Embeddings] ✗ ppt_64ef275d_c35c: 岗位竞聘...
[Embedding] API error: 403
[Embeddings] ✗ ppt_a68af404_749c: 商务汇报...
[Embedding] API error: 403
[Embeddings] ✗ ppt_2afabd6c_25a2: 蓝色商务...
[Embedding] API error: 403
[Embeddings] ✗ ppt_d477a3d9_d070: 商务汇报...
Error: read ECONNRESET
    at TLSWrap.onStreamRead (node:internal/stream_base_commons:216:20) {
  errno: -54,
  code: 'ECONNRESET',
  syscall: 'read'
}

> ppthub@0.1.0 generate-embeddings /Users/ameureka/Desktop/mksaas-ai-ppt-blog
> tsx scripts/generate-embeddings.ts

[Embeddings] Found 1204 PPTs without embedding
[Embeddings] ✓ ppt_dd9d4ae7_4635: 企业介绍...
[Embeddings] ✓ ppt_2ca5d44a_a1b5: 学术汇报...
[Embeddings] ✓ ppt_5630c177_a5f2: 年终总结...
[Embeddings] ✓ ppt_6bab9da5_9357: 商务汇报...
[Embeddings] ✓ ppt_4a0b79c3_f3ac: 励志商务风...
[Embeddings] ✓ ppt_ee9b6bbc_dd23: 工作总结...
[Embeddings] ✓ ppt_ef9bfde4_de4f: 商务汇报...
[Embeddings] ✓ ppt_3e904272_23d7: 活动数据分析...
[Embeddings] ✓ ppt_59808717_da1c: 小学毕业...
[Embeddings] ✓ ppt_06204277_30c0: 企业介绍...
[Embeddings] ✓ ppt_db4de599_7b63: 中国风...
[Embeddings] ✓ ppt_f6bcdd05_1f2c: 九一八事变...
[Embeddings] ✓ ppt_37278a27_2105: 商务汇报...
[Embeddings] ✓ ppt_63766576_bf16: 企业介绍...
[Embeddings] ✓ ppt_02d197a5_6032: 弥散风...
[Embeddings] ✓ ppt_517d2092_8cad: PowerPoint 演示文稿...
[Embeddings] ✓ ppt_d707d41f_5591: 樱花季节...
[Embeddings] ✓ ppt_fd5993ad_e4d9: 励志商务风...
[Embeddings] ✓ ppt_4327f04c_d673: 开学...
[Embeddings] ✓ ppt_3b9fbd12_4c95: 开学典礼...
[Embeddings] ✓ ppt_4ee7537c_3851: 商务汇报...
[Embeddings] ✓ ppt_098ed681_9c95: 校园活动...
[Embeddings] ✓ ppt_2cf3bdc8_4f48: 转正述职...
[Embeddings] ✓ ppt_af4ac722_38b7: 情绪管理...
[Embeddings] ✓ ppt_2c02f482_cb1a: 商务汇报...
[Embeddings] ✓ ppt_e345883e_ba73: 九一八事变...
[Embeddings] ✓ ppt_2c7061ec_bcf6: 商务汇报...
[Embeddings] ✓ ppt_d5859cad_c065: 孟菲斯...
[Embeddings] ✓ ppt_d1e6c0f1_96aa: 商务汇报...
[Embeddings] ✓ ppt_81e3e2b1_682c: 新学期...
[Embeddings] ✓ ppt_69b5e8e3_c552: 新生军训...
[Embeddings] ✓ ppt_6a92380d_9779: 年终总结...
[Embeddings] ✓ ppt_2d2252d5_8fa8: 小学毕业...
[Embeddings] ✓ ppt_8656d585_19b8: 年终复盘总结...
[Embeddings] ✓ ppt_a3efb539_23cb: 开学典礼...
[Embeddings] ✓ ppt_6b0cdd03_46dc: 商务汇报...
[Embeddings] ✓ ppt_72ebb0d8_f4a6: 多元创意...
[Embeddings] ✓ ppt_c0b81537_122c: 开学...
[Embeddings] ✓ ppt_789a384a_7ce4: 学术汇报...
[Embeddings] ✓ ppt_5a195074_ee85: 智慧养老...
[Embeddings] ✓ ppt_9acbbec0_a55e: 中国古风...
[Embeddings] ✓ ppt_596c92b7_90d7: 蓝色商务...
[Embeddings] ✓ ppt_0f3f827e_5369: 年终总结...
[Embeddings] ✓ ppt_7b611c28_88fc: 蓝色商务...
[Embeddings] ✓ ppt_3c931c80_35e2: 蓝色商务...
[Embeddings] ✓ ppt_a23b3780_6b06: 年终总结...
[Embeddings] ✓ ppt_d5d911fd_4a8f: 年终总结...
[Embeddings] ✓ ppt_410fda76_9b77: 商务汇报...
[Embeddings] ✓ ppt_0313d2ba_8af2: 校园活动...
[Embeddings] ✓ ppt_2284e3a6_b648: 新学期...
[Embeddings] ✓ ppt_a56de5ef_f672: 年终总结...
[Embeddings] ✓ ppt_1455604a_07b2: 学术答辩...
[Embeddings] ✓ ppt_e2f48f9a_bd84: 蓝色简约曲线背景的商务工作总结PPT模板...
[Embeddings] ✓ ppt_541a3141_f354: 蓝色商务...
[Embeddings] ✓ ppt_6c609c26_c2e1: 蓝色商务...
[Embeddings] ✓ ppt_c034332b_64ac: 商务汇报...
[Embeddings] ✓ ppt_7c6fbeb1_efec: 褐色书籍枫叶背景的“读万卷书行万里路”读书分享好书推荐PPT...
[Embeddings] ✓ ppt_28f8a49e_36d9: 蓝色商务...
[Embeddings] ✓ ppt_86bd1dc0_400b: 三好学生竞选...
[Embeddings] ✓ ppt_d59e6126_b2c3: 年终总结...
[Embeddings] ✓ ppt_2665543f_ec3a: 褐色时尚女性背景的欧美风商务汇报PPT模板...
[Embeddings] ✓ ppt_91f057ee_ca77: 欧美高端...
[Embeddings] ✓ ppt_3ca5a48d_077c: 九一八事变...
[Embeddings] ✓ ppt_696bb516_30d7: 开学...
[Embeddings] ✓ ppt_0114e643_07d6: 企业培训...
[Embeddings] ✓ ppt_2575441b_c3ba: 简约工作总结...
[Embeddings] ✓ ppt_550e5783_ca9a: 简约风商务工作汇报...
[Embeddings] ✓ ppt_d4109da4_cfb0: 旅行画册...
[Embeddings] ✓ ppt_5369fac2_95df: 冬季安全...
[Embeddings] ✓ ppt_01771dd7_3aa5: 财务述职报告...
[Embeddings] ✓ ppt_10fd6778_5d1b: 年终总结...
[Embeddings] ✓ ppt_954e83ff_834f: 红色主题...
[Embeddings] ✓ ppt_9d08adff_8efe: 商务汇报...
[Embeddings] ✓ ppt_9cb6ca71_cc17: 九一八事变...
[Embeddings] ✓ ppt_64d0be53_5c7e: 自我介绍...
[Embeddings] ✓ ppt_a885c36b_d6a6: 岗位竞聘...
[Embeddings] ✓ ppt_1a965e36_aea8: 企业培训...
[Embeddings] ✓ ppt_816813af_a7da: 商务汇报...
[Embeddings] ✓ ppt_9258303d_0de6: 红色英雄故事...
[Embeddings] ✓ ppt_5bdf813d_083a: 蓝色古典花纹古建筑背景的“文化中国”中国风通用PPT模板...
[Embeddings] ✓ ppt_6d8789f5_ed51: 开学...
[Embeddings] ✓ ppt_efaca2d4_ab9a: 九一八事变...
[Embeddings] ✓ ppt_647022ee_99b5: 欧美高端...
[Embeddings] ✓ ppt_ef5b9592_6fc4: 商务汇报...
[Embeddings] ✓ ppt_3ddb47c6_9271: 岗位竞聘...
[Embeddings] ✓ ppt_e426979f_d5d2: 老师介绍...
[Embeddings] ✓ ppt_ea4c1df3_a1e5: 工作汇报...
[Embeddings] ✓ ppt_59e8e93f_7c53: 员工述职报告...
[Embeddings] ✓ ppt_591e7fb6_8ddd: 商务汇报...
[Embeddings] ✓ ppt_55bab8bf_9a76: 自我介绍...
[Embeddings] ✓ ppt_6e81a7ae_0cbc: 作品集...
[Embeddings] ✓ ppt_f9c36830_91fe: 互联网产品介绍...
[Embeddings] ✓ ppt_7c4a8f59_a619: PowerPoint 演示文稿...
[Embeddings] ✓ ppt_81639905_0575: 开学...
[Embeddings] ✓ ppt_b7e447cc_0c82: 九一八事变...
[Embeddings] ✓ ppt_5807f3c4_06f7: 企业培训...
[Embeddings] ✓ ppt_23348e29_ed41: 商务汇报...
[Embeddings] ✓ ppt_60263220_c69a: 自我介绍...
[Embeddings] ✓ ppt_05e0140c_ee3f: 商务汇报...
[Embeddings] ✓ ppt_e724f039_9033: 红色英雄故事...
[Embeddings] ✓ ppt_88060380_9ec6: 时尚模特摄影背景的欧美风时尚画册PPT模板...
[Embeddings] ✓ ppt_400b0b5d_65ad: 月度工作总结...
[Embeddings] ✓ ppt_9b0d50e1_0c2e: 读书分享...
[Embeddings] ✓ ppt_31cb8b63_20d4: 老师介绍...
[Embeddings] ✓ ppt_5b8f5a7b_f2d2: 企业培训...
[Embeddings] ✓ ppt_7ddcdf02_54a1: 大学开学...
[Embeddings] ✓ ppt_946b3ca1_a9a6: 励志商务风...
[Embeddings] ✓ ppt_86693b9b_b5e7: 商务汇报...
[Embeddings] ✓ ppt_5c36f16a_e81e: 九一八事变...
[Embeddings] ✓ ppt_0a335b39_a0cf: 蓝色商务...
[Embeddings] ✓ ppt_80a75410_02c2: 红色主题...
[Embeddings] ✓ ppt_2cfb2d9d_fe1c: 冬季安全...
[Embeddings] ✓ ppt_785a547f_a406: 幼儿教育...
[Embeddings] ✓ ppt_93edb8a8_b63e: 励志商务风...
[Embeddings] ✓ ppt_87d80304_3fed: 年终工作总结...
[Embeddings] ✓ ppt_7e01a5a4_7e5a: 暑期夏令营...
[Embeddings] ✓ ppt_64ef275d_c35c: 岗位竞聘...
[Embeddings] ✓ ppt_a68af404_749c: 商务汇报...
[Embeddings] ✓ ppt_2afabd6c_25a2: 蓝色商务...
[Embeddings] ✓ ppt_d477a3d9_d070: 商务汇报...
[Embeddings] ✓ ppt_19ddb885_3a9d: 智慧养老...
[Embeddings] ✓ ppt_95c00974_96b6: 励志商务风...
[Embeddings] ✓ ppt_91dcfb2d_e922: 商务汇报...
[Embeddings] ✓ ppt_90f04558_ad3e: 简约商务...
[Embeddings] ✓ ppt_91217ef5_53f3: 商务汇报...
[Embeddings] ✓ ppt_03941189_d06e: 企业宣传...
[Embeddings] ✓ ppt_36c3a7cf_1335: 岗位竞聘...
[Embeddings] ✓ ppt_2d0878b2_aa44: 简约商务...
[Embeddings] ✓ ppt_290d87c1_fa40: 开学主题...
[Embeddings] ✓ ppt_38f20cb0_b307: 工作汇报...
[Embeddings] ✓ ppt_3b61bd2d_12e5: 作品集...
[Embeddings] ✓ ppt_792a3ad7_5095: 红色写字楼背景的商务风项目进度汇报PPT模板...
[Embeddings] ✓ ppt_6d9617d5_acdd: 商业计划书...
[Embeddings] ✓ ppt_7e542237_e1bb: 开学主题...
[Embeddings] ✓ ppt_d03a9604_9a1e: 艺术感...
[Embeddings] ✓ ppt_0dc407dc_d8a2: 开学主题...
[Embeddings] ✓ ppt_1e72acf7_c978: 简约商务...
[Embeddings] ✓ ppt_28b39a8c_30a5: 述职报告...
[Embeddings] ✓ ppt_5e17a9fa_9884: 岗位竞聘...
[Embeddings] ✓ ppt_8a355f88_5f04: 老师介绍...
[Embeddings] ✓ ppt_ebd606be_753b: 商务汇报...
[Embeddings] ✓ ppt_9e143f5e_af79: 自我介绍...
[Embeddings] ✓ ppt_77e31e96_0017: 工作复盘总结...
[Embeddings] ✓ ppt_2ed749d2_ccb5: 笔墨纸砚背景的淡雅简约中国风通用商务汇报PPT模板...
[Embeddings] ✓ ppt_1ca9fdc0_5f38: 红色英雄故事...
[Embeddings] ✓ ppt_5543ad61_e71b: 红色主题...
[Embeddings] ✓ ppt_cb28b9e6_7ba6: 入职培训...
[Embeddings] ✓ ppt_a4a37dc3_b61c: 大学开学...
[Embeddings] ✓ ppt_4e55d265_443b: 企业培训...
[Embeddings] ✓ ppt_74e43186_3e03: 开学...
[Embeddings] ✓ ppt_99b0a1d7_09b9: 九一八事变...
[Embeddings] ✓ ppt_a1112950_4ed3: 商务汇报...
[Embeddings] ✓ ppt_7c0b8d24_7e55: 年终总结...
[Embeddings] ✓ ppt_282c64f0_1a22: 橙色圆点圆环背景的简约商务风工作总结汇报PPT模板下载...
[Embeddings] ✓ ppt_3fc443c8_7235: 自我介绍...
[Embeddings] ✓ ppt_5e501abe_bc01: 商务汇报...
[Embeddings] ✓ ppt_9f429f42_c145: 岗位竞聘...
[Embeddings] ✓ ppt_39765b9f_2ea5: 老师介绍...
[Embeddings] ✓ ppt_497a4823_8552: 商务汇报...
[Embeddings] ✓ ppt_4e67e3d2_551b: 人力资源部年终工作总结...
[Embeddings] ✓ ppt_50da8139_868b: 九一八事变...
[Embeddings] ✓ ppt_4542ef80_af84: 开学...
[Embeddings] ✓ ppt_e4699f29_2854: 商务汇报...
[Embeddings] ✓ ppt_a7bdaa17_c315: 企业培训...
[Embeddings] ✓ ppt_8b0392f2_dcc5: 商业年中工作汇报...
[Embeddings] ✓ ppt_77dc1bf5_3199: 自我介绍...
[Embeddings] ✓ ppt_85478097_9766: 岗位竞聘...
[Embeddings] ✓ ppt_99089139_74a0: 九一八事变...
[Embeddings] ✓ ppt_6a47f469_f048: 商务汇报...
[Embeddings] ✓ ppt_66c0df08_38b3: 商务汇报...
[Embeddings] ✓ ppt_0316e7b1_bed8: 企业培训...
[Embeddings] ✓ ppt_5f6e0cb9_38b3: 冬季安全...
[Embeddings] ✓ ppt_40d1eb38_78ee: 红色主题...
[Embeddings] ✓ ppt_80ec9b15_3790: 年终总结...
[Embeddings] ✓ ppt_1e9c49b5_cc5a: 季度工作总结...
[Embeddings] ✓ ppt_68257de2_837e: 唯美古风...
[Embeddings] ✓ ppt_d482e0ab_c469: 欧美高端...
[Embeddings] ✓ ppt_643ffb1d_abce: 开学...
[Embeddings] ✓ ppt_c02da3e1_d0ec: 读书分享...
[Embeddings] ✓ ppt_74e00422_1db3: 年终总结...
[Embeddings] ✓ ppt_c2fa318f_2194: 商务汇报...
[Embeddings] ✓ ppt_66752dda_a559: 红色英雄故事...
[Embeddings] ✓ ppt_2c5eedb1_9fa7: 商务汇报...
[Embeddings] ✓ ppt_66b768a8_590b: 自我介绍...
[Embeddings] ✓ ppt_e8b7bf5d_76d0: 岗位竞聘...
[Embeddings] ✓ ppt_ad7bf956_f581: 开学...
[Embeddings] ✓ ppt_c90a36cc_f7f1: 九一八事变...
[Embeddings] ✓ ppt_3ffc66b3_e236: 商务工作总结...
[Embeddings] ✓ ppt_035687bc_98dc: 企业培训...
[Embeddings] ✓ ppt_10d0e4f1_5d41: 消防安全...
[Embeddings] ✓ ppt_ee76bc4f_2917: 蓝色商务...
[Embeddings] ✓ ppt_3f27d5e6_24af: 岗位竞聘...
[Embeddings] ✓ ppt_50f08708_59dc: 交通安全...
[Embeddings] ✓ ppt_c11ff339_974b: 情绪管理...
[Embeddings] ✓ ppt_5902db86_a99b: 智慧养老...
[Embeddings] ✓ ppt_faa556c2_3989: 暑期夏令营...
[Embeddings] ✓ ppt_2c21c26e_571e: 个人简历...
[Embeddings] ✓ ppt_141ac518_6ce6: 小清新...
[Embeddings] ✓ ppt_d81f63f8_643c: 校园活动...
[Embeddings] ✓ ppt_bd83a573_3b28: 公司年度会议...
[Embeddings] ✓ ppt_0b32e1d6_c7e5: 岗位竞聘...
[Embeddings] ✓ ppt_e237e718_84d7: 情绪管理...
[Embeddings] ✓ ppt_62528baa_b039: 简约商务...
[Embeddings] ✓ ppt_d598032c_2ad5: 消防安全知识...
[Embeddings] ✓ ppt_255f94c0_833b: 校园活动...
[Embeddings] ✓ ppt_75f8fb5d_cf6e: 小清新...
[Embeddings] ✓ ppt_3d14f8f5_ab22: 励志商务风...
[Embeddings] ✓ ppt_05c89a64_fe34: 简约商务...
[Embeddings] ✓ ppt_2061566c_900d: 商务汇报...
[Embeddings] ✓ ppt_4a243198_13db: 企业培训...
[Embeddings] ✓ ppt_1fbfa333_b8d4: 大学开学...
[Embeddings] ✓ ppt_185604fa_af1c: 暑期夏令营...
[Embeddings] ✓ ppt_5c5aa12a_e467: 述职报告...
[Embeddings] ✓ ppt_e1dd4178_4250: 智慧养老...
[Embeddings] ✓ ppt_d98d8861_a113: 商务汇报...
[Embeddings] ✓ ppt_0c89c020_59e9: 艺术感...
[Embeddings] ✓ ppt_94a6c1a2_ae10: 设计行业...
[Embeddings] ✓ ppt_792c1951_94cb: 简约商务...
[Embeddings] ✓ ppt_bd3b82e5_784c: 商务汇报...
[Embeddings] ✓ ppt_b19e3699_b375: 九一八事变...
[Embeddings] ✓ ppt_57074238_b2a4: 商务汇报...
[Embeddings] ✓ ppt_b2dadae7_2713: 工作总结...
[Embeddings] ✓ ppt_53910ae9_a2d7: 简约商务...
[Embeddings] ✓ ppt_63b12220_0a40: 校园活动...
[Embeddings] ✓ ppt_de6a64fa_942c: 商务汇报...
[Embeddings] ✓ ppt_614c4953_0771: 简约商务...
[Embeddings] ✓ ppt_f45fb008_58c6: 电商总结...
[Embeddings] ✓ ppt_71f01288_0e82: 商务汇报...
[Embeddings] ✓ ppt_72133850_df06: 励志商务风...
[Embeddings] ✓ ppt_faca78ff_60b9: 九一八事变...
[Embeddings] ✓ ppt_a4a59936_4b9f: 企业培训...
[Embeddings] ✓ ppt_ebc57558_550a: 工作汇报...
[Embeddings] ✓ ppt_35eabd04_865e: 岗位竞聘...
[Embeddings] ✓ ppt_16180845_0ea0: 年中述职报告...
[Embeddings] ✓ ppt_3419faf1_06e4: 红色英雄故事...
[Embeddings] ✓ ppt_5e60ecbc_7c96: 个人简历...
[Embeddings] ✓ ppt_7139175c_9756: 企业培训...
[Embeddings] ✓ ppt_ff07abdf_6e09: 卡通可爱...
[Embeddings] ✓ ppt_9a2f2db0_c6b6: 商务汇报...
[Embeddings] ✓ ppt_768c1e3a_d91d: 励志商务风...
[Embeddings] ✓ ppt_3e99d3d8_4016: 年终总结...
[Embeddings] ✓ ppt_f472287f_3400: 智慧养老...
[Embeddings] ✓ ppt_9f29bc5a_5929: 企业宣传...
[Embeddings] ✓ ppt_1cf00c1b_c85a: 工作汇报...
[Embeddings] ✓ ppt_8485a651_0cec: 个人简历...
[Embeddings] ✓ ppt_4dcb29f7_c40e: 企业培训...
[Embeddings] ✓ ppt_c624eaec_497e: 励志商务风...
[Embeddings] ✓ ppt_8a1c58d3_79d5: 励志商务风...
[Embeddings] ✓ ppt_82224f4c_56e3: 读书分享...
[Embeddings] ✓ ppt_4be99b66_3aba: 年终总结...
[Embeddings] ✓ ppt_37d88b07_de94: 商务汇报...
[Embeddings] ✓ ppt_e9ad9185_bfe0: 卡通可爱...
[Embeddings] ✓ ppt_3103df53_fdd7: 励志商务风...
[Embeddings] ✓ ppt_88e9e39c_5475: 述职报告...
[Embeddings] ✓ ppt_c4e0d674_411c: 红色英雄故事...
[Embeddings] ✓ ppt_04c98070_c963: PowerPoint 演示文稿...
[Embeddings] ✓ ppt_4e489296_14ca: 开学...
[Embeddings] ✓ ppt_e4e6ac4d_6c50: 商务汇报...
[Embeddings] ✓ ppt_9114e9ad_6472: 工作汇报...
[Embeddings] ✓ ppt_45e4703b_e60c: 企业培训...
[Embeddings] ✓ ppt_d25a2282_766f: 年终总结...
[Embeddings] ✓ ppt_ae4f37bc_858e: 商业计划书...
[Embeddings] ✓ ppt_d2b4c4b3_5b83: 消防安全...
[Embeddings] ✓ ppt_aa6188d3_eab2: 商务汇报...
[Embeddings] ✓ ppt_b7e6672a_3124: 企业培训...
[Embeddings] ✓ ppt_8c913dc8_7d23: 红色英雄故事...
[Embeddings] ✓ ppt_0e07f1e1_700f: 商务汇报...
[Embeddings] ✓ ppt_8bd39e66_6780: 简约商务...
[Embeddings] ✓ ppt_fd7452d4_6b2e: 九一八事变...
[Embeddings] ✓ ppt_9129c9b0_c982: 转正述职报告...
[Embeddings] ✓ ppt_6f2f5b17_0288: 企业培训...
[Embeddings] ✓ ppt_a6c3a9e4_466c: 工作汇报...
[Embeddings] ✓ ppt_ff3b52aa_84fe: 励志商务风...
[Embeddings] ✓ ppt_9b344695_34f2: 开学...
[Embeddings] ✓ ppt_dc1fffc7_c213: 医疗护理...
[Embeddings] ✓ ppt_bd2dd814_7a04: 作品集...
[Embeddings] ✓ ppt_10d7b1f5_9196: 简约工作...
[Embeddings] ✓ ppt_110c5734_667a: 商务汇报...
[Embeddings] ✓ ppt_9506e7ac_614e: 红色英雄故事...
[Embeddings] ✓ ppt_f892d7f5_668d: 个人简历...
[Embeddings] ✓ ppt_b47e75b4_e331: 冬季安全...
[Embeddings] ✓ ppt_c47d3abd_31b5: 年终总结...
[Embeddings] ✓ ppt_076586ca_cbfa: PowerPoint 演示文稿...
[Embeddings] ✓ ppt_25622db7_f2b9: 室内设计...
[Embeddings] ✓ ppt_8fc9918e_6564: 商务汇报...
[Embeddings] ✓ ppt_d5fb4ced_c2ab: 简约商务...
[Embeddings] ✓ ppt_8ccd7ffe_adf6: 岗位竞聘...
[Embeddings] ✓ ppt_1665c4dd_df7d: 年度会议...
[Embeddings] ✓ ppt_19f886d5_0da1: 简约商务...
[Embeddings] ✓ ppt_dc4a3a52_5e84: 商务汇报...
[Embeddings] ✓ ppt_4d4ca048_07f1: 个人述职报告...
[Embeddings] ✓ ppt_3d03c8d4_3507: 商务汇报...
[Embeddings] ✓ ppt_4cb26213_d368: 商务汇报...
[Embeddings] ✓ ppt_eea2e83d_fe6a: 智慧养老...
[Embeddings] ✓ ppt_aef4c14f_19b5: 艺术感...
[Embeddings] ✓ ppt_1baaf66d_a3e2: 设计行业...
[Embeddings] ✓ ppt_f7c9a5b1_1bb7: 新中式...
[Embeddings] ✓ ppt_2c381aae_042b: 商务汇报...
[Embeddings] ✓ ppt_27dcf953_feef: 简约商务...
[Embeddings] ✓ ppt_a0704b03_265a: 开学主题...
[Embeddings] ✓ ppt_d57c702c_1af8: 简约商务...
[Embeddings] ✓ ppt_d23ee22d_f924: 岗位竞聘...
[Embeddings] ✓ ppt_1bcc5ad3_0ac3: 情绪管理...
[Embeddings] ✓ ppt_2fd91440_95a3: 商务汇报...
[Embeddings] ✓ ppt_273b689c_7f25: 简约商务...
[Embeddings] ✓ ppt_c4b00f34_fc57: 开学...
[Embeddings] ✓ ppt_ceba761e_d716: 大学开学...
[Embeddings] ✓ ppt_09f3140b_d721: 暑期夏令营...
[Embeddings] ✓ ppt_b4376297_2619: 企业培训...
[Embeddings] ✓ ppt_85b29a3e_9da6: 小清新...
[Embeddings] ✓ ppt_c7fe0fa4_dddf: 交通安全...
[Embeddings] ✓ ppt_572cf00b_2bbf: 岗位竞聘...
[Embeddings] ✓ ppt_1ff4132e_872e: 情绪管理...
[Embeddings] ✓ ppt_86046923_f3f1: 蓝色商务...
[Embeddings] ✓ ppt_f900503f_5aec: 消防安全知识培训...
[Embeddings] ✓ ppt_c21a91da_080c: 艺术感...
[Embeddings] ✓ ppt_7b16628c_a297: 校园活动...
[Embeddings] ✓ ppt_4ccc1eed_19d6: 智慧养老...
[Embeddings] ✓ ppt_af830785_ec2b: 暑期夏令营...
[Embeddings] ✓ ppt_81caadfa_b72a: 商务汇报...
[Embeddings] ✓ ppt_47b370fb_5929: 作品集...
[Embeddings] ✓ ppt_9bf7a4fd_23af: 新年工作规划...
[Embeddings] ✓ ppt_aebbbafb_27eb: 企业培训...
[Embeddings] ✓ ppt_02caac2f_34b6: 季度工作总结...
[Embeddings] ✓ ppt_6dabb168_2d95: 医疗护理...
[Embeddings] ✓ ppt_5bfd0a23_3855: 开学...
[Embeddings] ✓ ppt_1adff67e_a916: 励志商务风...
[Embeddings] ✓ ppt_bd8765f7_c6d3: 冬季安全生产...
[Embeddings] ✓ ppt_1a12777d_8523: 简约工作...
[Embeddings] ✓ ppt_8662f6e1_029c: 年终总结...
[Embeddings] ✓ ppt_1005961b_6d51: 励志商务风...
[Embeddings] ✓ ppt_9c12ac63_4c7e: 企业宣传...
[Embeddings] ✓ ppt_164f98db_a025: 简约工作...
[Embeddings] ✓ ppt_94ea650d_be53: 个人简历...
[Embeddings] ✓ ppt_3904f245_6227: 红色英雄故事...
[Embeddings] ✓ ppt_269b2a51_b98a: 商务汇报...
[Embeddings] ✓ ppt_6045e1b6_ea1e: 开学...
[Embeddings] ✓ ppt_d4e4723d_62a8: 企业培训...
[Embeddings] ✓ ppt_8d87505d_02b7: 工作汇报...
[Embeddings] ✓ ppt_8c51efda_9831: PowerPoint 演示文稿...
[Embeddings] ✓ ppt_d5d4a991_aacd: 红色英雄故事...
[Embeddings] ✓ ppt_b8b281b9_f223: 企业培训...
[Embeddings] ✓ ppt_3e624abb_403b: 商务汇报...
[Embeddings] ✓ ppt_01986fcf_a96f: 九一八事变...
[Embeddings] ✓ ppt_159cfd2e_d9e2: 简约商务...
[Embeddings] ✓ ppt_cee00d46_edcb: 商业年中工作汇报...
[Embeddings] ✓ ppt_559996ff_2bb1: 年终总结...
[Embeddings] ✓ ppt_258e21e5_1103: 消防安全...
[Embeddings] ✓ ppt_29fd1a25_efa6: 企业培训...
[Embeddings] ✓ ppt_d7872c4a_996d: 个人简历...
[Embeddings] ✓ ppt_d987cf44_d212: 工作汇报...
[Embeddings] ✓ ppt_365a6963_c45f: 励志商务风...
[Embeddings] ✓ ppt_747a85fb_cafd: 九一八事变...
[Embeddings] ✓ ppt_b607c77e_a3b8: 职业生涯规划...
[Embeddings] ✓ ppt_e5bc58e2_10bb: 励志商务风...
[Embeddings] ✓ ppt_b1118e77_9424: 卡通可爱...
[Embeddings] ✓ ppt_a6a5f388_5a46: 商务汇报...
[Embeddings] ✓ ppt_fe4fd735_4f4a: 红色英雄故事...
[Embeddings] ✓ ppt_bdd9cf6b_b9ec: 项目工作总结汇报...
[Embeddings] ✓ ppt_b25bf8f1_4856: 励志商务风...
[Embeddings] ✓ ppt_183c6eed_9986: 年终总结...
[Embeddings] ✓ ppt_f96c23a1_76f0: 读书分享...
[Embeddings] ✓ ppt_06432075_6695: 岗位竞聘...
[Embeddings] ✓ ppt_c2d4dcc4_be47: 工作汇报总结...
[Embeddings] ✓ ppt_c4b9eea4_568d: 九一八事变...
[Embeddings] ✓ ppt_e39e7cb3_0b37: 励志商务风...
[Embeddings] ✓ ppt_720f440c_e59b: 商务汇报...
[Embeddings] ✓ ppt_e307e523_50df: 工作汇报...
[Embeddings] ✓ ppt_50e904d3_44bc: 企业培训...
[Embeddings] ✓ ppt_8e40f1dd_2f52: 励志商务风...
[Embeddings] ✓ ppt_fe7941d5_e525: 空白演示...
[Embeddings] ✓ ppt_5f555cff_12c0: 年终总结...
[Embeddings] ✓ ppt_3ecb832a_d5d2: 企业培训...
[Embeddings] ✓ ppt_fb7d8103_4f64: 个人简历...
[Embeddings] ✓ ppt_964fbfa3_23cd: 红色英雄故事...
[Embeddings] ✓ ppt_fdb58855_f561: 商务汇报...
[Embeddings] ✓ ppt_a6a7b088_239c: 商务汇报...
[Embeddings] ✓ ppt_9404691e_b086: 老师介绍...
[Embeddings] ✓ ppt_c6d66a28_615b: 学术答辩...
[Embeddings] ✓ ppt_d54bbb5a_dd84: 开学主题...
[Embeddings] ✓ ppt_c898f5fb_6cba: 学术答辩...
[Embeddings] ✓ ppt_397bcf43_9c39: 年终总结...
[Embeddings] ✓ ppt_c7dc44a1_4530: 智慧养老...
[Embeddings] ✓ ppt_0531af9a_4dc6: 蓝色商务...
[Embeddings] ✓ ppt_61db9b1e_2a35: 电商活动复盘...
[Embeddings] ✓ ppt_cd3bde4b_0e5f: 年终总结...
[Embeddings] ✓ ppt_82bc2982_18d1: 学术答辩...
[Embeddings] ✓ ppt_3a35f147_c10a: 智慧养老...
[Embeddings] ✓ ppt_708047c5_5ab4: 年终总结...
[Embeddings] ✓ ppt_1edef7f7_3b25: 空白演示...
[Embeddings] ✓ ppt_02e8096b_9b17: 学术答辩...
[Embeddings] ✓ ppt_0fb3ca96_d782: 老师介绍...
[Embeddings] ✓ ppt_6f970688_bcdb: 青色古韵古风“江山如画”中国风通用PPT模板...
[Embeddings] ✓ ppt_b97f4fa7_739e: 校园活动...
[Embeddings] ✓ ppt_2814f92b_dbcd: 红蓝配色复古欧美风自我介绍PPT模板...
[Embeddings] ✓ ppt_2dd78bd1_746f: 年终总结...
[Embeddings] ✓ ppt_9f6a05e3_d390: 蓝色商务...
[Embeddings] ✓ ppt_00b3ac17_8595: 暑期夏令营...
[Embeddings] ✓ ppt_7296520d_9f03: 年终总结...
[Embeddings] ✓ ppt_fcea13c2_252f: 夏季防中暑...
[Embeddings] ✓ ppt_68305ed1_f8fb: 幼儿教育...
[Embeddings] ✓ ppt_eed0eb7a_2b4a: 励志商务风...
[Embeddings] ✓ ppt_7253d064_e80e: 蓝色商务...
[Embeddings] ✓ ppt_2463e55c_438b: 蓝色商务...
[Embeddings] ✓ ppt_554e1e95_1799: 开学主题...
[Embeddings] ✓ ppt_73c3ffad_f16a: 学术答辩...
[Embeddings] ✓ ppt_29053161_4bf3: 夏季防中暑...
[Embeddings] ✓ ppt_cb2b445a_47bd: 幼儿教育...
[Embeddings] ✓ ppt_2606bc15_6ab1: 励志商务风...
[Embeddings] ✓ ppt_0a548a02_2080: 个人简历...
[Embeddings] ✓ ppt_48730a6f_0164: 年终总结...
[Embeddings] ✓ ppt_d0e1a84f_3923: 蓝色商务...
[Embeddings] ✓ ppt_57e42d9a_180d: 蓝色商务...
[Embeddings] ✓ ppt_0ee6960c_4d3d: PowerPoint 演示文稿...
[Embeddings] ✓ ppt_555b379f_7037: 年终总结...
[Embeddings] ✓ ppt_f21a1811_417e: PowerPoint 演示文稿...
[Embeddings] ✓ ppt_80179e1d_c84a: 商务汇报...
[Embeddings] ✓ ppt_94ff7c85_2c23: 开学季...
[Embeddings] ✓ ppt_d0c05a3b_153a: 校园活动...
[Embeddings] ✓ ppt_66b2a2e0_5de8: 中国风...
[Embeddings] ✓ ppt_b49e28e8_b786: 樱花季节...
[Embeddings] ✓ ppt_f0515f64_76b4: 可爱风卡通...
[Embeddings] ✓ ppt_92761023_2cd1: 英语开学...
[Embeddings] ✓ ppt_8afeeda9_8898: 情绪管理...
[Embeddings] ✓ ppt_abd88539_bace: 转正述职...
[Embeddings] ✓ ppt_4e3fe9cf_fc30: 商务汇报...
[Embeddings] ✓ ppt_e3510cb7_ecf7: 新学期...
[Embeddings] ✓ ppt_ea3ecc23_63a4: 年终总结...
[Embeddings] ✓ ppt_0a8247f2_0241: 黄色可爱卡通小兔子背景的通用PPT模板...
[Embeddings] ✓ ppt_4fd398fa_1a7b: 英语开学...
[Embeddings] ✓ ppt_27fef992_2c02: 樱花季节...
[Embeddings] ✓ ppt_6bddc9c7_6a09: 中国风...
[Embeddings] ✓ ppt_d081cf80_6051: 工作总结报告...
[Embeddings] ✓ ppt_87de4717_d457: 商务汇报...
[Embeddings] ✓ ppt_ce176e7d_f419: 开学...
[Embeddings] ✓ ppt_efd5bddf_7389: 转正述职...
[Embeddings] ✓ ppt_6bbb3bbe_672c: 英语开学...
[Embeddings] ✓ ppt_c9b57b9c_b687: 年终总结...
[Embeddings] ✓ ppt_12bf5ccc_0f11: 工作总结...
[Embeddings] ✓ ppt_d1975853_bc6a: 卡通可爱...
[Embeddings] ✓ ppt_c8fed848_7572: 企业介绍...
[Embeddings] ✓ ppt_5a8cbfa6_9fa0: 商务汇报...
[Embeddings] ✓ ppt_ddaf575e_68b4: 转正述职...
[Embeddings] ✓ ppt_67647417_68ae: 情绪管理...
[Embeddings] ✓ ppt_dd98f0e3_b6e5: 英语开学...
[Embeddings] ✓ ppt_535e6523_b848: 新学期...
[Embeddings] ✓ ppt_28c09264_5b69: 开学季...
[Embeddings] ✓ ppt_c89d935c_c233: 企业培训...
[Embeddings] ✓ ppt_955a61a7_fb82: 古典山水背景的“昔花缀石涓滴成潮”小清新工作总结PPT模板...
[Embeddings] ✓ ppt_8aa12eeb_a4a7: 开学主题...
[Embeddings] ✓ ppt_53e28e02_119a: 开学主题...
[Embeddings] ✓ ppt_f9399115_9eb1: 年终总结...
[Embeddings] ✓ ppt_24a8c211_8228: PowerPoint 演示文稿...
[Embeddings] ✓ ppt_72844db7_3f70: 校园活动...
[Embeddings] ✓ ppt_7082a42d_08e9: 商务汇报...
[Embeddings] ✓ ppt_7ff35400_bec2: 空白演示...
[Embeddings] ✓ ppt_995eae6e_6e81: 商务汇报...
[Embeddings] ✓ ppt_68f26ad9_8f3d: 项目营销策划...
[Embeddings] ✓ ppt_9f63d923_9e59: 转正述职...
[Embeddings] ✓ ppt_f538ade6_7588: 卡通可爱...
[Embeddings] ✓ ppt_2d130904_c70c: 商务计划书...
[Embeddings] ✓ ppt_8a14d5fc_aee5: 英语开学...
[Embeddings] ✓ ppt_9e0e1707_8627: 开学主题...
[Embeddings] ✓ ppt_2a5740ab_5027: 企业介绍...
[Embeddings] ✓ ppt_ceb7433e_8e01: 企业招聘...
[Embeddings] ✓ ppt_3c416074_7d74: 开学季...
[Embeddings] ✓ ppt_725db32d_2681: 开学主题...
[Embeddings] ✓ ppt_56fc469b_5c2a: 转正述职...
[Embeddings] ✓ ppt_32745996_6675: 企业介绍...
[Embeddings] ✓ ppt_463daf7c_265c: 卡通可爱...
[Embeddings] ✓ ppt_3e8026ef_5574: 转正述职...
[Embeddings] ✓ ppt_abb9405b_c4c6: 企业培训...
[Embeddings] ✓ ppt_2146ed8b_196d: 商务汇报...
[Embeddings] ✓ ppt_6e7f9590_cbe4: 商务汇报...
[Embeddings] ✓ ppt_5d021241_b7ad: PowerPoint 演示文稿...
[Embeddings] ✓ ppt_9533e741_577f: 年终总结...
[Embeddings] ✓ ppt_1682abf9_aaeb: 年终总结...
[Embeddings] ✓ ppt_1716f652_41f9: 年终总结...
[Embeddings] ✓ ppt_57be99b6_eab1: 年终总结...
[Embeddings] ✓ ppt_6f57611b_af01: 校园活动...
[Embeddings] ✓ ppt_85d79e94_37e6: 幼儿教育...
[Embeddings] ✓ ppt_a1412e3d_22a6: 励志商务风...
[Embeddings] ✓ ppt_4b7e895a_215a: 夏季防中暑...
[Embeddings] ✓ ppt_259d077a_4dba: 蓝色商务...
[Embeddings] ✓ ppt_39f17f42_df4a: PowerPoint 演示文稿...
[Embeddings] ✓ ppt_1cb7524f_cfc1: PowerPoint 演示文稿...
[Embeddings] ✓ ppt_3e45be7f_2296: 蓝色商务...
[Embeddings] ✓ ppt_633e9a5d_d021: 幼儿教育...
[Embeddings] ✓ ppt_44d6d609_338f: 励志商务风...
[Embeddings] ✓ ppt_642d96c6_17c2: 蓝色商务...
[Embeddings] ✓ ppt_4c332821_ea0a: 年终总结...
[Embeddings] ✓ ppt_0236d1a2_02c5: 开学主题...
[Embeddings] ✓ ppt_86ae88b2_a8be: 学术答辩...
[Embeddings] ✓ ppt_24d4ec05_0953: PowerPoint 演示文稿...
[Embeddings] ✓ ppt_cf1ab1d6_b106: 蓝色商务...
[Embeddings] ✓ ppt_bdab8a83_7254: 古典群山古建筑背景的“即是远方心有山海”中国风商务汇报PPT...
[Embeddings] ✓ ppt_9a7d24f2_2e36: 老师介绍...
[Embeddings] ✓ ppt_6c3f5c36_b70b: 学术答辩...
[Embeddings] ✓ ppt_686a90e4_148d: 年终总结...
[Embeddings] ✓ ppt_f0bf503c_4a90: 智慧养老...
[Embeddings] ✓ ppt_9d11b864_4876: 蓝色商务...
[Embeddings] ✓ ppt_d88eacec_1bd7: 校园活动...
[Embeddings] ✓ ppt_7d00c529_5526: 年终总结...
[Embeddings] ✓ ppt_150f6b4c_d9f0: 学术答辩...
[Embeddings] ✓ ppt_e415866b_a90a: 智慧养老...
[Embeddings] ✓ ppt_8031b39e_78c3: 年终总结...
[Embeddings] ✓ ppt_b87a31cf_7ece: 学术答辩...
[Embeddings] ✓ ppt_6ce5c28c_e0f6: 老师介绍...
[Embeddings] ✓ ppt_0d1e7310_8b50: 商务汇报...
[Embeddings] ✓ ppt_f41a42b6_4191: 开学主题...
[Embeddings] ✓ ppt_f18df621_e586: 年终总结...
[Embeddings] ✓ ppt_9b06989c_4ac3: 校园活动...
[Embeddings] ✓ ppt_7cab64b7_1519: 蓝色商务...
[Embeddings] ✓ ppt_a0299247_98d8: 蓝绿撞色塑料瓶背景的欧美风商务汇报PPT模板...
[Embeddings] ✓ ppt_0657105b_aded: 开学主题...
[Embeddings] ✓ ppt_428e5329_3645: 英语开学...
[Embeddings] ✓ ppt_5d1a3479_6663: 电商销售分析...
[Embeddings] ✓ ppt_b8bb79e6_92b5: 转正述职...
[Embeddings] ✓ ppt_51b57ad7_fe0d: 开学季...
[Embeddings] ✓ ppt_a7404787_4708: 企业招聘介绍...
[Embeddings] ✓ ppt_522b9580_e514: 企业介绍...
[Embeddings] ✓ ppt_a6b5178a_3dd7: 年终总结...
[Embeddings] ✓ ppt_0a7d4795_1768: PowerPoint 演示文稿...
[Embeddings] ✓ ppt_eb42e2ce_22f6: 商务汇报...
[Embeddings] ✓ ppt_d51dd521_a14d: 企业培训...
[Embeddings] ✓ ppt_9052b500_7dc7: 转正述职...
[Embeddings] ✓ ppt_682d9c47_843d: 卡通可爱...
[Embeddings] ✓ ppt_ee739e6e_03db: 商务汇报...
[Embeddings] ✓ ppt_df6b354f_8003: 商务汇报...
[Embeddings] ✓ ppt_4683bd03_98ff: 企业介绍...
[Embeddings] ✓ ppt_3d2de6c8_07ee: 开学季...
[Embeddings] ✓ ppt_28a40d86_c586: 开学主题...
[Embeddings] ✓ ppt_a36b6ece_995d: 蓝色欧美人物背景的欧美风商务汇报PPT模板...
[Embeddings] ✓ ppt_87733f18_cfef: 新学期...
[Embeddings] ✓ ppt_2686de11_3c65: 商务汇报...
[Embeddings] ✓ ppt_3ff2787f_b3b8: 卡通可爱...
[Embeddings] ✓ ppt_7ff7d28c_23c9: 转正述职...
[Embeddings] ✓ ppt_3f6df3b9_b4d9: 商务汇报...
[Embeddings] ✓ ppt_b6de4a4e_6eef: 年终总结...
[Embeddings] ✓ ppt_6d97e42f_dff2: 开学主题...
[Embeddings] ✓ ppt_eb88857d_13ed: 红色英雄故事...
[Embeddings] ✓ ppt_1ef5ee24_5779: 商务汇报...
[Embeddings] ✓ ppt_f8218b24_a4ce: 校园活动...
[Embeddings] ✓ ppt_c80b4794_3749: 开学典礼...
[Embeddings] ✓ ppt_89b775bc_5be3: 转正述职...
[Embeddings] ✓ ppt_28899cc1_f3de: 企业宣传介绍...
[Embeddings] ✓ ppt_197f5eda_9ebd: 开学...
[Embeddings] ✓ ppt_dd115256_6a91: 樱花季节...
[Embeddings] ✓ ppt_f6dcc4a0_2eab: 中国风...
[Embeddings] ✓ ppt_7440f2f4_8fc5: 情绪管理...
[Embeddings] ✓ ppt_46fa109e_5d1e: 转正述职...
[Embeddings] ✓ ppt_1393b528_bf58: 商务汇报...
[Embeddings] ✓ ppt_f502a091_b785: 企业介绍...
[Embeddings] ✓ ppt_bb7aa2d9_3d1b: 英语开学...
[Embeddings] ✓ ppt_2829b910_9185: 英语开学...
[Embeddings] ✓ ppt_fdc9b3bb_67bd: 年终总结...
[Embeddings] ✓ ppt_fe97fb09_a009: 卡通可爱...
[Embeddings] ✓ ppt_bec4fa47_3b47: 学术汇报...
[Embeddings] ✓ ppt_68789bdd_3bff: 中国风...
[Embeddings] ✓ ppt_d4262da1_4f8a: 樱花季节...
[Embeddings] ✓ ppt_87a1f793_ffe2: 可爱风卡通...
[Embeddings] ✓ ppt_7465912c_2408: 开学...
[Embeddings] ✓ ppt_9273d280_245a: 商务汇报...
[Embeddings] ✓ ppt_993ab489_1ad8: 唯美古风...
[Embeddings] ✓ ppt_240a907d_3ba4: 校园活动...
[Embeddings] ✓ ppt_6f9114da_cb02: 年终总结...
[Embeddings] ✓ ppt_6cd06b59_0b7b: 新学期...
[Embeddings] ✓ ppt_3bf2f535_bdf5: 卡通可爱...
[Embeddings] ✓ ppt_4c3aae4b_2a08: 英语开学...
[Embeddings] ✓ ppt_a68e6293_044d: 商务汇报...
[Embeddings] ✓ ppt_14ceb0da_9545: 转正述职...
[Embeddings] ✓ ppt_decd1211_fe83: 学术汇报...
[Embeddings] ✓ ppt_36c26cbf_f320: 年终总结...
[Embeddings] ✓ ppt_391ffa82_d788: 励志商务风...
[Embeddings] ✓ ppt_3e4f905d_03fa: 九一八事变...
[Embeddings] ✓ ppt_6ecd3d9a_6642: 开学典礼...
[Embeddings] ✓ ppt_59840ea2_fdcc: 商务汇报...
[Embeddings] ✓ ppt_ba17defc_2711: 企业介绍...
[Embeddings] ✓ ppt_670f44eb_562c: 新生军训...
[Embeddings] ✓ ppt_d0f8680d_885e: 商务汇报...
[Embeddings] ✓ ppt_4d9d2705_3ace: 孟菲斯...
[Embeddings] ✓ ppt_dec39ee8_5db1: 中国风...
[Embeddings] ✓ ppt_b424ee78_8b35: 个人简历...
[Embeddings] ✓ ppt_094a255f_bce8: 开学典礼...
[Embeddings] ✓ ppt_42538833_e2a4: 企业介绍...
[Embeddings] ✓ ppt_c93fca21_2387: 情绪管理...
[Embeddings] ✓ ppt_ca3421c0_f0cf: 开学主题...
[Embeddings] ✓ ppt_8765216f_76b6: 商务汇报...
[Embeddings] ✓ ppt_ece72746_254f: 励志商务风...
[Embeddings] ✓ ppt_11bf0a67_63d7: 卡通可爱...
[Embeddings] ✓ ppt_f1ac6ba5_0d30: 开学...
[Embeddings] ✓ ppt_8baf2cde_9d36: 电商数据复盘...
[Embeddings] ✓ ppt_9f126daf_7711: 年终总结...
[Embeddings] ✓ ppt_008f62c0_10a4: 小学毕业...
[Embeddings] ✓ ppt_2cfa5f45_9116: 学术汇报...
[Embeddings] ✓ ppt_714c73c8_7fa5: 中国风...
[Embeddings] ✓ ppt_1240b62a_c4a2: 开学季...
[Embeddings] ✓ ppt_0582c413_7fa6: 企业介绍...
[Embeddings] ✓ ppt_c8d90338_4c8d: 九一八事变...
[Embeddings] ✓ ppt_6f6c0a59_6708: 开学典礼...
[Embeddings] ✓ ppt_3dcbec98_b72b: 活动数据分析...
[Embeddings] ✓ ppt_b81b33b0_4c8d: 年终总结...
[Embeddings] ✓ ppt_cd5452d2_591c: 企业介绍...
[Embeddings] ✓ ppt_9232ea16_bb44: 绿色淡雅竹子背景的“拾光为序步履成诗”年终总结项目汇报PPT...
[Embeddings] ✓ ppt_d96bd835_d8b7: 转正述职...
[Embeddings] ✓ ppt_b325830e_523f: 情绪管理...
[Embeddings] ✓ ppt_0a26731e_9d3c: 九一八事变...
[Embeddings] ✓ ppt_ab1f295c_d0f9: 开学典礼...
[Embeddings] ✓ ppt_a97fecee_89f7: 商务汇报...
[Embeddings] ✓ ppt_c0ab555e_1088: 孟菲斯...
[Embeddings] ✓ ppt_01cb92af_e6a1: 企业介绍...
[Embeddings] ✓ ppt_f0780fec_b94b: 新学期...
[Embeddings] ✓ ppt_215ce391_ab7d: 新生军训...
[Embeddings] ✓ ppt_9bb7ee03_be78: 开学典礼...
[Embeddings] ✓ ppt_338fc53d_1d3e: 设计行业...
[Embeddings] ✓ ppt_63d23338_7cc8: 开学...
[Embeddings] ✓ ppt_f9239438_115e: 艺术感...
[Embeddings] ✓ ppt_860390f5_a6db: 新学期...
[Embeddings] ✓ ppt_197b35d3_d7d2: 年终总结...
[Embeddings] ✓ ppt_6eeb3605_0aaf: 弥散风...
[Embeddings] ✓ ppt_d6306ba7_8aa0: 黑白抽象文艺欧美风商务汇报PPT模板...
[Embeddings] ✓ ppt_65145a13_6e22: 九一八事变...
[Embeddings] ✓ ppt_7e3d031d_af5f: 情绪管理...
[Embeddings] ✓ ppt_8cdf3361_f067: 转正述职...
[Embeddings] ✓ ppt_e7aa9bef_920b: 开学季...
[Embeddings] ✓ ppt_13df5c31_53b0: 商务汇报...
[Embeddings] ✓ ppt_a5bebc3f_108a: 年终总结...
[Embeddings] ✓ ppt_080db13a_7ba6: 开学...
[Embeddings] ✓ ppt_4e37e730_c944: 开学典礼...
[Embeddings] ✓ ppt_7aefc973_5cf4: 蓝色商务...
[Embeddings] ✓ ppt_e9312714_0b0b: 主题名称...
[Embeddings] ✓ ppt_3c40df75_6420: 年终总结...
[Embeddings] ✓ ppt_5fbb38b0_cfa8: 绿色竹笋小草背景的“向下扎根向上生长”青年教师成长之路经验分...
[Embeddings] ✓ ppt_a0567d26_31af: 蓝色商务...
[Embeddings] ✓ ppt_0f5556ec_6851: 高考...
[Embeddings] ✓ ppt_84be9486_d32d: 年终总结...
[Embeddings] ✓ ppt_c37944b8_1905: 暑期夏令营...
[Embeddings] ✓ ppt_0b7cd33e_6581: 智慧养老...
[Embeddings] ✓ ppt_cbefff02_0b8b: 商务汇报...
[Embeddings] ✓ ppt_782565d4_6d84: 工作汇报总结...
[Embeddings] ✓ ppt_9b3be7fd_a3cd: 年终总结...
[Embeddings] ✓ ppt_2be6ecd4_9704: 三好学生竞选...
[Embeddings] ✓ ppt_9472c665_bdd7: 开学主题...
[Embeddings] ✓ ppt_6482165f_21a8: 黑白圆角几何图形背景的“大道至简”极简风商务汇报PPT模板...
[Embeddings] ✓ ppt_dbe03935_8bd8: 求职简历...
[Embeddings] ✓ ppt_b1a67717_467b: 三好学生竞选...
[Embeddings] ✓ ppt_4aa23314_9d43: 商务汇报...
[Embeddings] ✓ ppt_fa31bb32_be19: 蓝色商务...
[Embeddings] ✓ ppt_c6d0fc6a_bc9c: 年终总结...
[Embeddings] ✓ ppt_64dbdf11_ce8d: 励志商务风...
[Embeddings] ✓ ppt_83a77ebe_4ac1: 商务汇报...
[Embeddings] ✓ ppt_5a82a4a0_8618: 年终总结...
[Embeddings] ✓ ppt_d2d8b637_31f4: 商务汇报...
[Embeddings] ✓ ppt_e693b3c8_af61: 述职报告...
[Embeddings] ✓ ppt_d3af7b4f_35e2: 智慧养老...
[Embeddings] ✓ ppt_77f782f6_f2b6: 蓝色商务...
[Embeddings] ✓ ppt_f44338d1_2d90: 智慧养老...
[Embeddings] ✓ ppt_5541474a_d2fe: 年终总结...
[Embeddings] ✓ ppt_eabfdcc5_96d8: 中国古风...
[Embeddings] ✓ ppt_d6e26883_77bb: LOGO...
[Embeddings] ✓ ppt_1e04846e_b6f1: 年终总结...
[Embeddings] ✓ ppt_b9a41fa5_5105: 年终总结...
[Embeddings] ✓ ppt_47f2ec8b_2787: 中国古风...
[Embeddings] ✓ ppt_c7d1a51f_70d4: 蓝色商务...
[Embeddings] ✓ ppt_0c1c18d4_597f: 商务汇报...
[Embeddings] ✓ ppt_1bdcfad9_6bad: 励志商务风...
[Embeddings] ✓ ppt_5fe3b805_20a5: 蓝色商务...
[Embeddings] ✓ ppt_79c2a3d2_806f: 新学期...
[Embeddings] ✓ ppt_c7e4317c_3e0c: 消失的暑假...
[Embeddings] ✓ ppt_7460baf0_757e: 棕色职场办公背景的简约风商务通用汇报PPT模板...
[Embeddings] ✓ ppt_67abc516_3e2d: 九一八事变...
[Embeddings] ✓ ppt_4e6705a1_9e6a: 商务汇报...
[Embeddings] ✓ ppt_5bf0c66b_8a1f: 开学季...
[Embeddings] ✓ ppt_a7e10e85_cb13: 幼儿园讲故事...
[Embeddings] ✓ ppt_3a7b60f3_4082: 情绪管理...
[Embeddings] ✓ ppt_cf87f3fe_917a: 年终总结...
[Embeddings] ✓ ppt_dc366b41_1124: 新学期...
[Embeddings] ✓ ppt_ba0a5848_7dcd: 青色鎏金风欧美商务汇报PPT模板...
[Embeddings] ✓ ppt_605d3f6f_996c: 弥散风...
[Embeddings] ✓ ppt_ddd9ae2d_3b2b: 开学...
[Embeddings] ✓ ppt_20fd60a6_9d76: 开学典礼...
[Embeddings] ✓ ppt_8619a3ff_373a: 校园活动...
[Embeddings] ✓ ppt_b67b0114_2aa4: 樱花季节...
[Embeddings] ✓ ppt_aab4c55e_14a7: 年终总结...
[Embeddings] ✓ ppt_ed6d6f40_bf48: 孟菲斯...
[Embeddings] ✓ ppt_52edca7c_64b1: 绿色水墨山水背景的中国风通用PPT模板...
[Embeddings] ✓ ppt_b90b3dae_f45f: 新学期...
[Embeddings] ✓ ppt_e1ef5707_5a07: 年终总结...
[Embeddings] ✓ ppt_dfb734bf_3388: 新生军训...
[Embeddings] ✓ ppt_579b4c86_a75a: 企业介绍...
[Embeddings] ✓ ppt_4a3e39c4_ff99: 情绪管理...
[Embeddings] ✓ ppt_393137ce_fb54: 转正述职...
[Embeddings] ✓ ppt_97de621d_67f2: 商务汇报...
[Embeddings] ✓ ppt_6e989767_debd: 开学典礼...
[Embeddings] ✓ ppt_469d1a99_3efa: 艺术感...
[Embeddings] ✓ ppt_7fcd4804_9756: 开学典礼...
[Embeddings] ✓ ppt_ccffb836_14dd: 开学...
[Embeddings] ✓ ppt_eb92a9ee_498f: 商务汇报...
[Embeddings] ✓ ppt_0e16c30e_18f7: 小学毕业...
[Embeddings] ✓ ppt_8a43987f_85ad: 年终总结...
[Embeddings] ✓ ppt_61de9091_44a7: 中国风...
[Embeddings] ✓ ppt_e9871077_03fb: 学术汇报...
[Embeddings] ✓ ppt_d02ab904_731c: 商务汇报...
[Embeddings] ✓ ppt_34a9fa14_e958: 月度工作总结...
[Embeddings] ✓ ppt_3a4b0ef6_c786: 励志商务风...
[Embeddings] ✓ ppt_3302a59d_095d: 企业介绍...
[Embeddings] ✓ ppt_b2277aa9_56e0: 年终总结...
[Embeddings] ✓ ppt_2e9a6c7d_bee6: 企业介绍...
[Embeddings] ✓ ppt_874bebe7_24a8: 开学季...
[Embeddings] ✓ ppt_84912054_3b8b: 开学典礼...
[Embeddings] ✓ ppt_e0b7e136_65a7: 年终总结...
[Embeddings] ✓ ppt_dc276eb4_0a40: 九一八事变...
[Embeddings] ✓ ppt_e4d58ff2_fb2a: 励志商务风...
[Embeddings] ✓ ppt_7cb18c2a_77b8: 商务汇报...
[Embeddings] ✓ ppt_71a43daf_eb9f: 开学典礼...
[Embeddings] ✓ ppt_7f234ba4_e956: 九一八事变...
[Embeddings] ✓ ppt_c10fea12_7594: 学术汇报...
[Embeddings] ✓ ppt_2eda1277_bda7: 年终总结...
[Embeddings] ✓ ppt_538b02c4_3d66: 开学典礼...
[Embeddings] ✓ ppt_e9db6e29_cf65: 个人简历...
[Embeddings] ✓ ppt_c29309cc_f20c: 情绪管理...
[Embeddings] ✓ ppt_027b4e6b_a6a3: 蓝色高大写字楼背景的商务风公司宣传介绍PPT模板下载...
[Embeddings] ✓ ppt_f10c997b_fa5c: 新生军训...
[Embeddings] ✓ ppt_5b4bf988_cf7c: 企业介绍...
[Embeddings] ✓ ppt_2b95f05e_30c9: 绿色国潮群山仙鹤背景的“千里江山”中国风通用PPT模板...
[Embeddings] ✓ ppt_c2a1d46a_a4da: 商务汇报...
[Embeddings] ✓ ppt_633a9485_ff01: 蓝色商务...
[Embeddings] ✓ ppt_149c024d_8d37: 励志商务风...
[Embeddings] ✓ ppt_8414b17d_3e29: 年终总结...
[Embeddings] ✓ ppt_b30839c7_a003: 校园活动...
[Embeddings] ✓ ppt_1ba37d6e_e037: 消失的暑假...
[Embeddings] ✓ ppt_ed9f5c59_fec6: 蓝色商务...
[Embeddings] ✓ ppt_d4fad179_629f: 新学期...
[Embeddings] ✓ ppt_ef9c8e05_e174: 年终总结...
[Embeddings] ✓ ppt_7a675dbd_0ea1: 校园活动...
[Embeddings] ✓ ppt_e3cc6a75_480d: 中国古风...
[Embeddings] ✓ ppt_623a54c7_14c9: 幼儿教育...
[Embeddings] ✓ ppt_c833b645_8aed: 校园活动...
[Embeddings] ✓ ppt_987ff9ee_1e04: 蓝色商务...
[Embeddings] ✓ ppt_7e314f9a_7791: 智慧养老...
[Embeddings] ✓ ppt_05f571a1_9521: 新学期...
[Embeddings] ✓ ppt_c250475d_581b: 运营复盘总结...
[Embeddings] ✓ ppt_6282d39d_0711: 商务汇报...
[Embeddings] ✓ ppt_bc63ab55_cff9: 蓝色商务...
[Embeddings] ✓ ppt_69b39f80_e10b: 开学主题...
[Embeddings] ✓ ppt_57b08de8_73fb: 三好学生竞选...
[Embeddings] ✓ ppt_bebd9752_533a: 年终总结...
[Embeddings] ✓ ppt_b27eb926_ef26: 励志商务风...
[Embeddings] ✓ ppt_16542a15_e81b: 商务汇报...
[Embeddings] ✓ ppt_924187d9_dd6d: 工作总结...
[Embeddings] ✓ ppt_40686724_f6e0: 蓝色商务...
[Embeddings] ✓ ppt_67c76154_8e15: 蓝色商务...
[Embeddings] ✓ ppt_01abf2f7_fa00: PowerPoint 演示文稿...
[Embeddings] ✓ ppt_56c2c9e1_a21e: 工作总结汇报...
[Embeddings] ✓ ppt_48277afb_e470: 智慧养老...
[Embeddings] ✓ ppt_0f5946e5_a9ec: 三好学生竞选...
[Embeddings] ✓ ppt_6a478220_c1f8: 年终总结...
[Embeddings] ✓ ppt_d9e2c286_8eb8: 蓝色飞天仙女背景的敦煌主题中国风商务工作汇报PPT模板下载...
[Embeddings] ✓ ppt_743ecae9_61a5: 年终总结...
[Embeddings] ✓ ppt_eaef3975_d6e5: 红色主题...
[Embeddings] ✓ ppt_f5a943e7_25b3: 岗位竞聘...
[Embeddings] ✓ ppt_b1031687_4e24: 自我介绍...
[Embeddings] ✓ ppt_81fe7c04_4957: 商务汇报...
[Embeddings] ✓ ppt_a891d0ca_292e: 大学开学...
[Embeddings] ✓ ppt_c5eb3626_115b: 红色英雄故事...
[Embeddings] ✓ ppt_aae664a4_e572: 商务汇报...
[Embeddings] ✓ ppt_c330fda5_56f0: 老师介绍...
[Embeddings] ✓ ppt_6d15c082_8543: 企业培训...
[Embeddings] ✓ ppt_15e7b6fb_ac3e: 欧美高端...
[Embeddings] ✓ ppt_f7ac142e_84f3: 开学...
[Embeddings] ✓ ppt_56bb0c42_bb50: 九一八事变...
[Embeddings] ✓ ppt_f05816dd_4a6a: 自我介绍...
[Embeddings] ✓ ppt_f1643fbd_d564: 开学...
[Embeddings] ✓ ppt_0b617aca_bf7b: 商务汇报...
[Embeddings] ✓ ppt_fbcf76a5_c6ac: 商务汇报...
[Embeddings] ✓ ppt_63fc7795_1ab2: 岗位竞聘...
[Embeddings] ✓ ppt_0fdcadf7_3093: 自我介绍...
[Embeddings] ✓ ppt_0d4ea2b7_25ab: 红色主题...
[Embeddings] ✓ ppt_82960410_7a83: 年终总结...
[Embeddings] ✓ ppt_8a74ab6a_fd9f: 九一八事变...
[Embeddings] ✓ ppt_142dc646_26f2: 开学...
[Embeddings] ✓ ppt_278faf8f_6dfb: 欧美高端...
[Embeddings] ✓ ppt_00681b0c_9c81: 企业培训...
[Embeddings] ✓ ppt_d8e6c073_d900: 交通安全...
[Embeddings] ✓ ppt_0bac4579_4ac8: 商务汇报...
[Embeddings] ✓ ppt_66c5f127_373f: 自我介绍...
[Embeddings] ✓ ppt_d407d9f8_eac5: 工作复盘总结...
[Embeddings] ✓ ppt_9328249e_e592: 励志商务风...
[Embeddings] ✓ ppt_285ff0cd_d409: 老师介绍...
[Embeddings] ✓ ppt_afd3928d_40bf: 岗位竞聘...
[Embeddings] ✓ ppt_397e2416_acf8: 冬季防溺水...
[Embeddings] ✓ ppt_2eb05584_596c: 大学开学...
[Embeddings] ✓ ppt_9cf73eac_1fe3: 企业培训...
[Embeddings] ✓ ppt_0ce9d6c0_9af6: 九一八事变...
[Embeddings] ✓ ppt_0f049264_26a8: 开学...
[Embeddings] ✓ ppt_4efd140f_3175: 转正述职...
[Embeddings] ✓ ppt_ec6a257a_7aaa: 行政部门工作汇报...
[Embeddings] ✓ ppt_6823e590_b219: 励志商务风...
[Embeddings] ✓ ppt_24267489_01c0: 岗位竞聘...
[Embeddings] ✓ ppt_6b802f47_1d11: 工作述职报告...
[Embeddings] ✓ ppt_1950b2a4_945f: 鸟主题...
[Embeddings] ✓ ppt_6d7a776e_02ec: 红色英雄故事...
[Embeddings] ✓ ppt_fb4b5d82_2157: 竞品分析报告...
[Embeddings] ✓ ppt_a6833735_7882: 开学...
[Embeddings] ✓ ppt_9c5b0c49_653d: 自我介绍...
[Embeddings] ✓ ppt_ac111b92_b97f: 商务汇报...
[Embeddings] ✓ ppt_75b5e309_2538: 季度复盘总结...
[Embeddings] ✓ ppt_942d11ea_fc58: 年终总结...
[Embeddings] ✓ ppt_e1f3e1c1_f748: 九一八事变...
[Embeddings] ✓ ppt_2a176741_c265: 岗位竞聘...
[Embeddings] ✓ ppt_03c03e06_9475: 企业培训...
[Embeddings] ✓ ppt_62eb9dfa_7d19: 工作汇报...
[Embeddings] ✓ ppt_b8dc58bb_62d7: 红色英雄故事...
[Embeddings] ✓ ppt_b577ab61_e6bf: 岗位竞聘...
[Embeddings] ✓ ppt_04232da4_5559: 自我介绍...
[Embeddings] ✓ ppt_b69705cb_a514: 简约商务...
[Embeddings] ✓ ppt_5a967d3a_665c: 开学主题...
[Embeddings] ✓ ppt_da11ff0b_ab35: 艺术感...
[Embeddings] ✓ ppt_a5e5c08d_0cfb: 暑期夏令营...
[Embeddings] ✓ ppt_06c7c713_26b3: 企业人才招聘...
[Embeddings] ✓ ppt_b14e013e_4d4b: 绿色精美花瓶背景的“拾光为序步履成诗”年中总结项目汇报PPT...
[Embeddings] ✓ ppt_806322f9_ff04: 幼儿教育...
[Embeddings] ✓ ppt_8fa2e45d_fe3c: 艺术感...
[Embeddings] ✓ ppt_c318b8fa_11f8: 开学主题...
[Embeddings] ✓ ppt_3be3c6c1_0676: 蓝色商务...
[Embeddings] ✓ ppt_d439abba_ce44: 简约商务...
[Embeddings] ✓ ppt_cf61dec0_0e4d: 小清新...
[Embeddings] ✓ ppt_271295d7_6312: 开学主题...
[Embeddings] ✓ ppt_7e80715a_bce4: 九一八事变...
[Embeddings] ✓ ppt_23973f53_2fbb: 个人年中述职报告...
[Embeddings] ✓ ppt_b36c8ce9_0204: 励志商务风...
[Embeddings] ✓ ppt_9a6aac81_79c9: 励志商务风...
[Embeddings] ✓ ppt_084fc670_c22c: 幼儿教育...
[Embeddings] ✓ ppt_3072e71b_bc04: 商务汇报...
[Embeddings] ✓ ppt_2c8fd42d_e371: 蓝色商务...
[Embeddings] ✓ ppt_0867a648_6bba: 学术汇报...
[Embeddings] ✓ ppt_8a43a5d1_03ac: 工作总结...
[Embeddings] ✓ ppt_2ef8e89e_38a1: 岗位竞聘...
[Embeddings] ✓ ppt_1a4b2ef3_69e2: 智慧养老...
[Embeddings] ✓ ppt_9275b5fd_b5a9: 商务汇报...
[Embeddings] ✓ ppt_ee60b374_c904: 励志商务风...
[Embeddings] ✓ ppt_dd44114e_aaf8: 艺术感...
[Embeddings] ✓ ppt_0ef926f4_2b77: 开学主题...
[Embeddings] ✓ ppt_9e9f1e6a_b25e: 岗位竞聘...
[Embeddings] ✓ ppt_42cc27df_c542: 商务汇报...
[Embeddings] ✓ ppt_fffc3471_8795: 开学主题...
[Embeddings] ✓ ppt_8ca2eec0_c82f: 蓝色商务...
[Embeddings] ✓ ppt_af1d2c3d_f32d: 商务汇报...
[Embeddings] ✓ ppt_63f15ed4_94c2: 数据分析报告...
[Embeddings] ✓ ppt_7a569b58_6a17: 红色英雄故事...
[Embeddings] ✓ ppt_906664fc_0a8d: 商务汇报...
[Embeddings] ✓ ppt_476f8e8e_2045: 自我介绍...
[Embeddings] ✓ ppt_c600daee_1001: 岗位竞聘...
[Embeddings] ✓ ppt_a72298b3_2fbf: 毕业答辩...
[Embeddings] ✓ ppt_aaefa8a2_81aa: 弥散风...
[Embeddings] ✓ ppt_d9dcb71d_da4e: 岗位竞聘...
[Embeddings] ✓ ppt_65cb1129_1b4e: 九一八事变...
[Embeddings] ✓ ppt_3e3bb1e4_5613: 红色英雄故事...
[Embeddings] ✓ ppt_70271115_5ad1: 企业培训...
[Embeddings] ✓ ppt_fcd895c0_a06f: 年终总结...
[Embeddings] ✓ ppt_d2851c55_481f: 财务报销流程培训...
[Embeddings] ✓ ppt_38f6833e_f62e: 老师介绍...
[Embeddings] ✓ ppt_6c221761_5944: 冬季安全...
[Embeddings] ✓ ppt_57c0afbe_29d0: 岗位竞聘...
[Embeddings] ✓ ppt_4423b1a3_a004: 自我介绍...
[Embeddings] ✓ ppt_9357c702_f913: 商务汇报...
[Embeddings] ✓ ppt_c34e4757_4d92: 数据分析...
[Embeddings] ✓ ppt_91cc7398_d264: 企业培训...
[Embeddings] ✓ ppt_273d538d_4a7e: 大学开学...
[Embeddings] ✓ ppt_d60fdd92_e399: 转正述职...
[Embeddings] ✓ ppt_9eeb3998_f0cf: 开学...
[Embeddings] ✓ ppt_dd8a4fb9_60ed: 九一八事变...
[Embeddings] ✓ ppt_b5cda948_8bf6: 红色英雄故事...
[Embeddings] ✓ ppt_bb5661c2_be80: 商务汇报...
[Embeddings] ✓ ppt_8df03cff_3047: 岗位竞聘...
[Embeddings] ✓ ppt_b8e9adc3_4221: 自我介绍...
[Embeddings] ✓ ppt_84620a7b_1057: 商务汇报...
[Embeddings] ✓ ppt_b98681bd_7610: 欧美高端...
[Embeddings] ✓ ppt_921c38a7_fc23: 开学...
[Embeddings] ✓ ppt_92962219_e7b8: 九一八事变...
[Embeddings] ✓ ppt_d0b200ef_89a2: 企业培训...
[Embeddings] ✓ ppt_4df3116b_5c0f: 红色英雄故事...
[Embeddings] ✓ ppt_887efcc8_0cab: 商务汇报...
[Embeddings] ✓ ppt_8e84f685_9329: 自我介绍...
[Embeddings] ✓ ppt_4f2cd12f_606d: 商务汇报...
[Embeddings] ✓ ppt_f65848c2_a3f5: 红色英雄故事...
[Embeddings] ✓ ppt_bca3875c_8b5e: 大学开学...
[Embeddings] ✓ ppt_43205e97_b381: 红色主题...
[Embeddings] ✓ ppt_fb4d59ba_c024: 年终总结...
[Embeddings] ✓ ppt_69305137_9379: 唯美古风...
[Embeddings] ✓ ppt_3636a080_c980: 欧美高端...
[Embeddings] ✓ ppt_1ad48697_7642: 老师介绍...
[Embeddings] ✓ ppt_d671e643_dc14: 雪山实拍风欧美旅游画册通用PPT模板...
[Embeddings] ✓ ppt_fd308647_de0f: 商务汇报...
[Embeddings] ✓ ppt_7e5338c2_8ae5: 行业分析报告...
[Embeddings] ✓ ppt_13dcb355_2da8: 暑期夏令营...
[Embeddings] ✓ ppt_c0724d03_540e: 励志商务风...
[Embeddings] ✓ ppt_76ba9072_2431: 校园活动...
[Embeddings] ✓ ppt_661280af_825f: 蓝色商务...
[Embeddings] ✓ ppt_ca13ee46_181a: 开学主题...
[Embeddings] ✓ ppt_fe6aee31_a481: 商务汇报...
[Embeddings] ✓ ppt_d4ecf784_ca9a: 开学主题...
[Embeddings] ✓ ppt_9ae110b9_12c8: 艺术感...
[Embeddings] ✓ ppt_af15ff94_ae4a: 校园活动...
[Embeddings] ✓ ppt_5a23ef4c_2855: 幼儿教育...
[Embeddings] ✓ ppt_e35e53c0_baf9: 励志商务风...
[Embeddings] ✓ ppt_81d65540_6f7d: 古典水墨“山水情”古风通用商务汇报PPT模板...
[Embeddings] ✓ ppt_18f783fd_724f: 岗位竞聘...
[Embeddings] ✓ ppt_6bf86c09_4dff: 商务汇报...
[Embeddings] ✓ ppt_83ff7cbd_93a0: 学术汇报...
[Embeddings] ✓ ppt_0db29a33_79f9: 蓝色商务...
[Embeddings] ✓ ppt_649e4022_6a70: 商务汇报...
[Embeddings] ✓ ppt_48fe0bfa_9e60: 艺术感...
[Embeddings] ✓ ppt_cb4addfd_cc8f: 简约商务...
[Embeddings] ✓ ppt_2f7d7b70_26f2: 蓝色商务...
[Embeddings] ✓ ppt_987496ba_c021: 小清新...
[Embeddings] ✓ ppt_3aeef17f_c867: 年终数据运营报告...
[Embeddings] ✓ ppt_271c9d10_77a1: 商务汇报...
[Embeddings] ✓ ppt_9ebb06fc_3176: 开学主题...
[Embeddings] ✓ ppt_ec62078d_67b9: 简约商务...
[Embeddings] ✓ ppt_51dd0288_9a70: 艺术感...
[Embeddings] ✓ ppt_3e477944_9983: 岗位竞聘...
[Embeddings] ✓ ppt_afd64a82_98d0: 开学主题...
[Embeddings] ✓ ppt_6b1a29a6_36ad: 文艺复古...
[Embeddings] ✓ ppt_7e5fbcc5_6c1a: 年终总结...
[Embeddings] ✓ ppt_41e1bb0f_70e3: 励志商务风...
[Embeddings] ✓ ppt_b9d3873c_5d14: 几何风工作汇报...
[Embeddings] ✓ ppt_1b7be7c0_a5b1: 工作汇报...
[Embeddings] ✓ ppt_181b86b8_1309: 年终总结...
[Embeddings] ✓ ppt_209ca15d_c106: 弥散风...
[Embeddings] ✓ ppt_3917aebc_c2a7: 蓝色商务人士办公背景的部门管理培训PPT模板下载...
[Embeddings] ✓ ppt_fe0b9715_be3c: 年终总结...
[Embeddings] ✓ ppt_e05741db_d6d7: 夏季防中暑...
[Embeddings] ✓ ppt_aaefa8a2_2348: 弥散风...
[Embeddings] ✓ ppt_9b5d1c06_d551: 弥散风...
[Embeddings] ✓ ppt_f32d11d7_79dc: 弥散风...
[Embeddings] ✓ ppt_9b5d1c06_cfb9: 弥散风...
[Embeddings] ✓ ppt_4e67e3d2_810e: 人力资源部年终工作总结...
[Embeddings] ✓ ppt_209ca15d_9fac: 弥散风...
[Embeddings] ✓ ppt_cf61dec0_25d8: 小清新...
[Embeddings] ✓ ppt_987496ba_9766: 小清新...
[Embeddings] ✓ ppt_ccb71808_8c1c: 年终总结...
[Embeddings] ✓ ppt_2a8ecc1e_b0a0: 季度复盘总结...
[Embeddings] ✓ ppt_0d76c5b6_455e: 企业培训...
[Embeddings] ✓ ppt_194c716d_4aad: 红色英雄故事...
[Embeddings] ✓ ppt_8383f043_b472: 工作汇报...
[Embeddings] ✓ ppt_474d7abb_ec4b: 空白演示...
[Embeddings] ✓ ppt_aab54277_752f: 九一八事变...
[Embeddings] ✓ ppt_3be51bc1_f6f7: PowerPoint 演示文稿...
[Embeddings] ✓ ppt_d0760fac_a686: 作品集...
[Embeddings] ✓ ppt_6e216059_3de0: 读书分享...
[Embeddings] ✓ ppt_456d92ca_0972: 卡通可爱...
[Embeddings] ✓ ppt_c1ed5f0f_7e10: 励志商务风...
[Embeddings] ✓ ppt_674c1645_6576: 开学...
[Embeddings] ✓ ppt_326f50ed_5363: 商务汇报...
[Embeddings] ✓ ppt_75722341_25b7: 红色英雄故事...
[Embeddings] ✓ ppt_e9e3b1d0_c4ab: 转正述职报告...
[Embeddings] ✓ ppt_5c9ea3d9_139a: 励志商务风...
[Embeddings] ✓ ppt_f71fe703_9ef1: 企业培训...
[Embeddings] ✓ ppt_20272b08_2fd3: 运营复盘总结...
[Embeddings] ✓ ppt_b73df4a8_de13: 部门复盘总结...
[Embeddings] ✓ ppt_decb64a7_bff7: 红色英雄故事...
[Embeddings] ✓ ppt_ec0a5591_e0d6: 工作汇报...
[Embeddings] ✓ ppt_d705dcf0_7ad8: 商务汇报...
[Embeddings] ✓ ppt_0551d9fc_63cd: 励志商务风...
[Embeddings] ✓ ppt_5413332a_b939: 卡通可爱...
[Embeddings] ✓ ppt_75b24486_b906: 企业培训...
[Embeddings] ✓ ppt_c6831777_5303: 开学...
[Embeddings] ✓ ppt_5dc3e311_aba5: PowerPoint 演示文稿...
[Embeddings] ✓ ppt_0808a7bc_af48: PowerPoint 演示文稿...
[Embeddings] ✓ ppt_d9a473b5_56ab: 个人简历...
[Embeddings] ✓ ppt_ad1afd1a_6b4c: 红色英雄故事...
[Embeddings] ✓ ppt_afbefefb_e9d8: 年终总结...
[Embeddings] ✓ ppt_ae41661a_0a5d: 励志商务风...
[Embeddings] ✓ ppt_67e4b79e_f501: 自我介绍...
[Embeddings] ✓ ppt_4bdc2977_4048: 开学...
[Embeddings] ✓ ppt_4598a1bc_ea5f: 工作汇报...
[Embeddings] ✓ ppt_a1baf9cc_fad2: 商务汇报...
[Embeddings] ✓ ppt_6eeeef9f_c276: 年中工作汇报...
[Embeddings] ✓ ppt_72d6d1e0_0f56: 岗位竞聘...
[Embeddings] ✓ ppt_84349a5d_7ca5: 弥散风...
[Embeddings] ✓ ppt_fac7b9cc_89cd: 情绪管理...
[Embeddings] ✓ ppt_1db0cd2f_682f: 九一八事变...
[Embeddings] ✓ ppt_c82f7717_4ca1: 岗位竞聘...
[Embeddings] ✓ ppt_e096f746_0ff4: 运营复盘总结...
[Embeddings] ✓ ppt_17db78d6_b63d: 简约商务...
[Embeddings] ✓ ppt_b7f5aef7_1dfa: 商务汇报...
[Embeddings] ✓ ppt_c28ce272_5c06: 红色英雄故事...
[Embeddings] ✓ ppt_b2f7c63b_995b: 企业培训...
[Embeddings] ✓ ppt_d0fbc6bb_581a: 商务汇报...
[Embeddings] ✓ ppt_edea1511_d169: 商务汇报...
[Embeddings] ✓ ppt_8efe4110_b487: 商务汇报...
[Embeddings] ✓ ppt_dc3497f1_0872: 设计行业...
[Embeddings] ✓ ppt_0fddcbf2_7ce6: 情绪管理...
[Embeddings] ✓ ppt_57d375c1_4d3c: 岗位竞聘...
[Embeddings] ✓ ppt_93f7ee40_eb52: 校园活动...
[Embeddings] ✓ ppt_e491de4c_b0a1: 暑期夏令营...
[Embeddings] ✓ ppt_6f548396_ad4f: 商务汇报...
[Embeddings] ✓ ppt_29a2e9ce_fe4a: 商务汇报...
[Embeddings] ✓ ppt_ddab0557_8a90: 世界勤俭日...
[Embeddings] ✓ ppt_b006c4e6_2af2: 励志商务风...
[Embeddings] ✓ ppt_67ebea99_f7e3: 月度工作总结...
[Embeddings] ✓ ppt_4cab013d_1aeb: 简约商务...
[Embeddings] ✓ ppt_4a7ddcc8_9c93: 学术论文...
[Embeddings] ✓ ppt_91112506_b960: 情绪管理...
[Embeddings] ✓ ppt_62cd09d8_36a3: 工作计划...
[Embeddings] ✓ ppt_dcd1973b_5a12: 商务汇报...
[Embeddings] ✓ ppt_eb9a225e_8ce3: 简约商务...
[Embeddings] ✓ ppt_4c6ce0d2_974e: 商务汇报...
[Embeddings] ✓ ppt_ccc948c4_ec15: 开学主题...
[Embeddings] ✓ ppt_357d33f0_d8c3: 企业培训...
[Embeddings] ✓ ppt_002acb30_683a: 工作汇报...
[Embeddings] ✓ ppt_15931a4c_7760: 智慧养老...
[Embeddings] ✓ ppt_8bef0afc_63eb: 励志商务风...
[Embeddings] ✓ ppt_ae888569_7a2a: 工作汇报...
[Embeddings] ✓ ppt_e09181eb_41ac: 红色英雄故事...
[Embeddings] ✓ ppt_2755b8f4_7f55: 个人简历...
[Embeddings] ✓ ppt_e4f20832_85e6: 卡通可爱...
[Embeddings] ✓ ppt_75434294_593d: 励志商务风...
[Embeddings] ✓ ppt_bbd545ae_c237: 企业培训...
[Embeddings] ✓ ppt_7bcedf9f_065e: 九一八事变...
[Embeddings] ✓ ppt_0e1daf3a_42ab: 励志商务风...
[Embeddings] ✓ ppt_4603e6c6_0cba: 述职报告...
[Embeddings] ✓ ppt_bb8741d6_e29c: 年终总结...
[Embeddings] ✓ ppt_5e8d129e_29c1: 商务汇报...
[Embeddings] ✓ ppt_9673720e_a43b: 开学...
[Embeddings] ✓ ppt_fba0005b_f494: 励志商务风...
[Embeddings] ✓ ppt_a48ed6a9_9787: 卡通可爱...
[Embeddings] ✓ ppt_46e05a9c_2033: 年终工作总结...
[Embeddings] ✓ ppt_97350f21_d43f: 作品集...
[Embeddings] ✓ ppt_f4939f33_245c: 工作计划...
[Embeddings] ✓ ppt_8749b7cf_422f: 暑期夏令营...
[Embeddings] ✓ ppt_8f9da53c_c1d1: 商务汇报...
[Embeddings] ✓ ppt_7d8ddf18_903e: 设计行业...
[Embeddings] ✓ ppt_4bdf8c53_460f: 简约商务...
[Embeddings] ✓ ppt_9df92013_c0da: 岗位竞聘...
[Embeddings] ✓ ppt_cc40ab79_b583: 商务汇报...
[Embeddings] ✓ ppt_1a22a3aa_fc68: 商务汇报...
[Embeddings] ✓ ppt_d8aed90b_e7b8: 励志商务风...
[Embeddings] ✓ ppt_60e9f100_905e: 世界勤俭日...
[Embeddings] ✓ ppt_c88e021e_c82d: 情绪管理...
[Embeddings] ✓ ppt_b467b99f_9314: 交通安全...
[Embeddings] ✓ ppt_0cf68e7b_3cf1: 岗位竞聘...
[Embeddings] ✓ ppt_4463d254_e885: 蓝色商务...
[Embeddings] ✓ ppt_3ac3808e_630a: 商务汇报...
[Embeddings] ✓ ppt_1987600c_dca3: 校园活动...
[Embeddings] ✓ ppt_cafb3865_0405: 暑期夏令营...
[Embeddings] ✓ ppt_18c96c17_03c3: 大学开学...
[Embeddings] ✓ ppt_3270d28c_e7ba: 简约商务...
[Embeddings] ✓ ppt_9843f660_3b9d: 情绪管理...
[Embeddings] ✓ ppt_44391dd6_6a83: 岗位竞聘...
[Embeddings] ✓ ppt_d1a57648_827e: 公司介绍...
[Embeddings] ✓ ppt_2877dfe4_8549: 商务汇报...
[Embeddings] ✓ ppt_54d7eb07_feb4: 商务汇报...
[Embeddings] ✓ ppt_84878eea_7394: 企业培训...
[Embeddings] ✓ ppt_03de55bb_990d: 暑期夏令营...
[Embeddings] ✓ ppt_5eb1082f_8ea0: 大学开学...
[Embeddings] ✓ ppt_f3dc1c40_b0e7: 中国古风...
[Embeddings] ✓ ppt_4c3bab09_273d: 年终总结...
[Embeddings] ✓ ppt_e6d09ce1_0b03: 多元创意...
[Embeddings] ✓ ppt_6b389382_8b6b: 开学...
[Embeddings] ✓ ppt_83f314e8_5fb5: 中国风...
[Embeddings] ✓ ppt_9ee15173_bb1c: 英语开学...
[Embeddings] ✓ ppt_41cb77ec_9b98: 年终总结...
[Embeddings] ✓ ppt_147b4860_d957: 新学期...
[Embeddings] ✓ ppt_671349b2_7b80: 转正述职...
[Embeddings] ✓ ppt_5ec6c331_f443: 情绪管理...
[Embeddings] ✓ ppt_5643c5e2_baf9: 商务汇报...
[Embeddings] ✓ ppt_323f0550_bded: 英语开学...
[Embeddings] ✓ ppt_2c81f0cc_64cd: 开学季...
[Embeddings] ✓ ppt_4115c1b7_42cf: 樱花季节...
[Embeddings] ✓ ppt_8408cf09_fa24: 英语开学...
[Embeddings] ✓ ppt_279e8cb6_d655: 开学典礼...
[Embeddings] ✓ ppt_a5ab9489_665e: 商务汇报...
[Embeddings] ✓ ppt_59efc1f5_f8cb: 情绪管理...
[Embeddings] ✓ ppt_65bd2fff_fc02: 转正述职...
[Embeddings] ✓ ppt_e17d445c_7c50: 企业培训...
[Embeddings] ✓ ppt_1ed11cec_e55e: 卡通可爱...
[Embeddings] ✓ ppt_18b97c1e_c0a1: 新学期...
[Embeddings] ✓ ppt_9fb0230e_ba6d: 年终总结...
[Embeddings] ✓ ppt_96f953f0_af5b: 中国风...
[Embeddings] ✓ ppt_4e1d7379_8fc1: 开学季...
[Embeddings] ✓ ppt_2a993e94_e991: 商务汇报...
[Embeddings] ✓ ppt_882c382e_5ec7: 卡通可爱...
[Embeddings] ✓ ppt_5cc2bcec_68f9: 商务汇报...
[Embeddings] ✓ ppt_30d41b60_9749: 蓝色商务...
[Embeddings] ✓ ppt_2acc2190_26ff: 商务汇报...
[Embeddings] ✓ ppt_3a711e27_c800: 卡通可爱...
[Embeddings] ✓ ppt_137dc0c4_4366: 转正述职...
[Embeddings] ✓ ppt_fd943107_358f: 遵守安全生产法 当好第一责任人...
[Embeddings] ✓ ppt_42d7c87d_bf43: 年终总结...
[Embeddings] ✓ ppt_b75664c7_683d: 樱花季节...
[Embeddings] ✓ ppt_4477ba35_4e2b: 蓝色简约动感曲线背景的欧美风商务汇报PPT模板下载...
[Embeddings] ✓ ppt_6969b146_3da6: 项目营销策划...
[Embeddings] ✓ ppt_883b3740_3240: 开学主题...
[Embeddings] ✓ ppt_874b7c55_228a: 开学季...
[Embeddings] ✓ ppt_ae25c674_2369: 质量 安全知识...
[Embeddings] ✓ ppt_082d40d8_5d0b: 转正述职...
[Embeddings] ✓ ppt_ce3e8698_7d00: 卡通可爱...
[Embeddings] ✓ ppt_021aca02_cbc3: 开学...
[Embeddings] ✓ ppt_de145750_b785: 古典群山仙鹤背景的“山川行止风禾尽起”中国风商务汇报PPT模...
[Embeddings] ✓ ppt_1b900d31_92db: 商务汇报...
[Embeddings] ✓ ppt_d88e47be_317c: 中国风...
[Embeddings] ✓ ppt_b25717d8_2ee9: 樱花季节...
[Embeddings] ✓ ppt_5c84941c_982e: 开学季...
[Embeddings] ✓ ppt_4a284fed_b8e2: 蓝色商务...
[Embeddings] ✓ ppt_6095c626_c7d8: 新学期...
[Embeddings] ✓ ppt_f71c84ec_0450: 企业培训...
[Embeddings] ✓ ppt_bbc6c8ec_1e89: 英语开学...
[Embeddings] ✓ ppt_59165d6f_c26a: 开学典礼...
[Embeddings] ✓ ppt_45bb1f08_840b: 英语开学...
[Embeddings] ✓ ppt_2ec357ef_1d86: 转正述职...
[Embeddings] ✓ ppt_79beca65_6277: 情绪管理...
[Embeddings] ✓ ppt_427e4fe7_1fd2: 商务汇报...
[Embeddings] ✓ ppt_945811ca_dcfb: 开学典礼...
[Embeddings] ✓ ppt_908b2812_8288: 校园活动...
[Embeddings] ✓ ppt_3a61b1c7_6db1: 情绪管理...
[Embeddings] ✓ ppt_451d2cd8_d538: 年终总结...
[Embeddings] ✓ ppt_8a2ed87e_6221: 商务汇报...
[Embeddings] ✓ ppt_8107077b_305b: 情绪管理...
[Embeddings] ✓ ppt_183c809f_3490: 转正述职...
[Embeddings] ✓ ppt_ec2bbc9b_7334: 开学季...
[Embeddings] ✓ ppt_be49be86_4823: 英语开学...
[Embeddings] ✓ ppt_3507f8ba_49c0: 英语开学...
[Embeddings] ✓ ppt_21af59a8_1c6a: 开学主题...
[Embeddings] ✓ ppt_2a4178bd_885e: 新学期...
[Embeddings] ✓ ppt_7f4bb4de_1ea4: 年终总结...
[Embeddings] ✓ ppt_78290ba2_14ae: 红色英雄故事...
[Embeddings] ✓ ppt_f956a2a7_ebf7: 空白演示...
[Embeddings] ✓ ppt_ec0613a2_b95d: 开学主题...
[Embeddings] ✓ ppt_dcf7d6dc_6e20: 新学期...
[Embeddings] ✓ ppt_34dcf156_cf5d: 蓝色商务...
[Embeddings] ✓ ppt_651edb3c_849a: 商务汇报...
[Embeddings] ✓ ppt_1bbebb74_2194: 年终总结...
[Embeddings] ✓ ppt_c9649b46_f444: 商务汇报...
[Embeddings] ✓ ppt_be7a0437_ada2: 夏季防中暑...
[Embeddings] ✓ ppt_51fc0754_2db8: 励志商务风...
[Embeddings] ✓ ppt_c93549f8_0ea9: 幼儿教育...
[Embeddings] ✓ ppt_e4542993_7c3f: 艺术感...
[Embeddings] ✓ ppt_b34b254b_67a4: 新学期...
[Embeddings] ✓ ppt_0d3a35f7_8fec: 年终总结...
[Embeddings] ✓ ppt_8d22ded1_3999: 学术答辩...
[Embeddings] ✓ ppt_6b3e58c2_e6b3: 商务汇报...
[Embeddings] ✓ ppt_7723f861_65de: 学术答辩...
[Embeddings] ✓ ppt_3d0c4037_6a6a: 老师介绍...
[Embeddings] ✓ ppt_81de6b01_5b3b: 年终总结...
[Embeddings] ✓ ppt_ba70558d_8181: 校园活动...
[Embeddings] ✓ ppt_34fde6dd_ccc2: PowerPoint 演示文稿...
[Embeddings] ✓ ppt_98b8628d_d259: 夏季防中暑...
[Embeddings] ✓ ppt_ab9e07be_86c7: 老师介绍...
[Embeddings] ✓ ppt_a1ce9eb2_e650: 学术答辩...
[Embeddings] ✓ ppt_9da82dd7_c9c5: 商务汇报...
[Embeddings] ✓ ppt_883dc019_4083: 年终总结...
[Embeddings] ✓ ppt_7b915e44_ef84: 蓝色商务...
[Embeddings] ✓ ppt_e16a3b1b_7416: 幼儿教育...
[Embeddings] ✓ ppt_12e6a403_61aa: 励志商务风...
[Embeddings] ✓ ppt_8a7bdb07_8314: 商务汇报...
[Embeddings] ✓ ppt_5e444650_3595: 蓝色商务...
[Embeddings] ✓ ppt_82e3af3b_fb4b: 弥散风...
[Embeddings] ✓ ppt_7c4a8f59_88c9: PowerPoint 演示文稿...
[Embeddings] ✓ ppt_674b2be4_d4b5: 励志商务风...
[Embeddings] ✓ ppt_ae84a88b_2d9f: 项目工作汇报...
[Embeddings] ✓ ppt_6f497f3d_d088: 九一八事变...
[Embeddings] ✓ ppt_816a8cd5_0d18: 智慧养老...
[Embeddings] ✓ ppt_02cac00b_57cb: 企业培训...
[Embeddings] ✓ ppt_4fd42b78_0a8a: 工作汇报...
[Embeddings] ✓ ppt_46274d6c_3b3c: 年终总结...
[Embeddings] ✓ ppt_5177bab7_df54: 励志商务风...
[Embeddings] ✓ ppt_7b022c04_e8aa: 蓝色商务...
[Embeddings] ✓ ppt_72310faf_49da: 大学开学...
[Embeddings] ✓ ppt_05f9d4db_6a2c: 学术汇报...
[Embeddings] ✓ ppt_bf796b5b_d9a2: 暑期夏令营...
[Embeddings] ✓ ppt_6a3934b6_2b90: 商务汇报...
[Embeddings] ✓ ppt_f9e39da6_1699: 销售述职报告...
[Embeddings] ✓ ppt_a80f3c68_9a2b: 年终总结...
[Embeddings] ✓ ppt_29de087d_ba02: 商务汇报...
[Embeddings] ✓ ppt_212a242d_ae34: PowerPoint 演示文稿...
[Embeddings] ✓ ppt_1624088a_8fa3: 年终总结...
[Embeddings] ✓ ppt_9ea38d3b_1419: 商务汇报...
[Embeddings] ✓ ppt_0d8b3fd1_cc61: 情绪管理...
[Embeddings] ✓ ppt_93a08fa4_7638: 简约商务...
[Embeddings] ✓ ppt_7d65b201_949b: 校园活动...
[Embeddings] ✓ ppt_3d30471c_5787: 商务汇报...
[Embeddings] ✓ ppt_6e3858ec_96e8: 简约商务...
[Embeddings] ✓ ppt_d06dcc9d_234b: 中国风...
[Embeddings] ✓ ppt_ffc8fbbb_d0f0: 开学季...
[Embeddings] ✓ ppt_d3c1710d_c97e: 蓝色商务...
[Embeddings] ✓ ppt_88e16d2c_b65e: 中国风...
[Embeddings] ✓ ppt_f584dc3b_7c67: 英语开学...
[Embeddings] ✓ ppt_f692e493_8bbc: 蓝色商务...
[Embeddings] ✓ ppt_751bcedb_75cd: 企业介绍...
[Embeddings] ✓ ppt_281ef5cd_bea6: 商务汇报...
[Embeddings] ✓ ppt_310e7b36_578d: 年终总结...
[Embeddings] ✓ ppt_c4d70c16_cbaa: 企业介绍...
[Embeddings] ✓ ppt_c36c582a_9283: 蓝色商务...
[Embeddings] ✓ ppt_1583fe01_366f: 年终总结...
[Embeddings] ✓ ppt_a10a12ad_e0ac: 开学...
[Embeddings] ✓ ppt_c3c5123b_18eb: 中国风...
[Embeddings] ✓ ppt_815cac9b_8cb2: 励志商务风...
[Embeddings] ✓ ppt_293dde56_cb3f: 年终总结...
[Embeddings] ✓ ppt_733f1ffb_f53c: 蓝色商务...
[Embeddings] ✓ ppt_2e373774_4cee: 蓝色商务...
[Embeddings] ✓ ppt_21811458_b2ac: 红色英雄故事...
[Embeddings] ✓ ppt_1d4623cb_2198: 九一八事变...
[Embeddings] Done: 1204 success, 0 failed
