🧪 开始 PPT 搜索 API 测试...
📍 目标服务器: http://localhost:3005
==================================================
✅ 服务器运行正常


1️⃣  获取热门关键词
✅ 状态码: 200, 响应时间: 825.19ms
   操作结果: 成功

2️⃣  搜索建议 API
❌ 请求失败: Unexpected end of JSON input

3️⃣  基础文本搜索
❌ 请求失败: Unexpected end of JSON input

4️⃣  分类筛选搜索
❌ 请求失败: Unexpected end of JSON input

5️⃣  空关键词搜索（返回全部）
❌ 请求失败: Unexpected end of JSON input

6️⃣  测试搜索埋点
❌ 状态码: 400 (期望: 200)
   错误信息: Missing parameters

7️⃣  测试不存在的关键词
❌ 请求失败: Unexpected end of JSON input

==================================================

⚡ 性能基准测试

搜索性能测试:
  "商业计划书": 失败
  "business plan": 失败
  "年终总结PPT": 失败
  "教育培训模板": 失败
  "marketing presentation": 失败

==================================================

📊 测试结果: 1/7 通过
⚠️  有 6 个测试失败

失败的测试:
  - 2️⃣  搜索建议 API: Unexpected end of JSON input
  - 3️⃣  基础文本搜索: Unexpected end of JSON input
  - 4️⃣  分类筛选搜索: Unexpected end of JSON input
  - 5️⃣  空关键词搜索（返回全部）: Unexpected end of JSON input
  - 6️⃣  测试搜索埋点: Missing parameters
  - 7️⃣  测试不存在的关键词: Unexpected end of JSON input

⏱️  平均响应时间: 825.19ms

💡 提示:
1. 确保服务器运行在 http://localhost:3005
2. 检查 .env.local 中的 API keys 配置
3. 运行 pnpm generate-embeddings 生成向量
4. 运行 pnpm update-hot-keywords 更新热词
